#2026 09 17 19:18:39.152#Z#DEBUG#6e95f57f-b2cc-11f1-b461-eeee0a8dc34e.RiskManagement-srv#flowable-async-job-executor-thread-15019#
[PollStageAppStatusExecution] 6290dc3f-504e-4ecc-a259-f1fc4fa6ab88 [2026-09-17T19:17:50.708193] Updated app with guid 6290dc3f-504e-4ecc-a259-f1fc4fa6ab88 ({"lifecycle"=>{"data"=>{"buildpacks"=>["nodejs_buildpack"]}, "type"=>"buildpack"}}) (STDOUT, API)#
#2026 09 17 19:18:39.152#Z#DEBUG#6e95f57f-b2cc-11f1-b461-eeee0a8dc34e.RiskManagement-srv#flowable-async-job-executor-thread-15019#
[PollStageAppStatusExecution] 6290dc3f-504e-4ecc-a259-f1fc4fa6ab88 [2026-09-17T19:17:50.804749] Updating process: "web" (STDOUT, API)#
#2026 09 17 19:18:39.152#Z#DEBUG#6e95f57f-b2cc-11f1-b461-eeee0a8dc34e.RiskManagement-srv#flowable-async-job-executor-thread-15019#
[PollStageAppStatusExecution] 6290dc3f-504e-4ecc-a259-f1fc4fa6ab88 [2026-09-17T19:18:19.300846] Uploading app package for app with guid 6290dc3f-504e-4ecc-a259-f1fc4fa6ab88 (STDOUT, API)#
#2026 09 17 19:18:39.152#Z#DEBUG#6e95f57f-b2cc-11f1-b461-eeee0a8dc34e.RiskManagement-srv#flowable-async-job-executor-thread-15019#
[PollStageAppStatusExecution] 6290dc3f-504e-4ecc-a259-f1fc4fa6ab88 [2026-09-17T19:18:19.459164] Updated app with guid 6290dc3f-504e-4ecc-a259-f1fc4fa6ab88 ({"environment_variables"=>"[PRIVATE DATA HIDDEN]"}) (STDOUT, API)#
#2026 09 17 19:18:39.152#Z#DEBUG#6e95f57f-b2cc-11f1-b461-eeee0a8dc34e.RiskManagement-srv#flowable-async-job-executor-thread-15019#
[PollStageAppStatusExecution] 6290dc3f-504e-4ecc-a259-f1fc4fa6ab88 [2026-09-17T19:18:29.355398] Stopping app with guid 6290dc3f-504e-4ecc-a259-f1fc4fa6ab88 (STDOUT, API)#
#2026 09 17 19:18:39.152#Z#DEBUG#6e95f57f-b2cc-11f1-b461-eeee0a8dc34e.RiskManagement-srv#flowable-async-job-executor-thread-15019#
[PollStageAppStatusExecution] 6290dc3f-504e-4ecc-a259-f1fc4fa6ab88 [2026-09-17T19:18:29.396981] Cell c839c7b1-088e-41af-b9b7-66256aacd457 stopping instance 1e7b189c-0883-4d0a-7d88-05a4 (STDOUT, CELL)#
#2026 09 17 19:18:39.152#Z#DEBUG#6e95f57f-b2cc-11f1-b461-eeee0a8dc34e.RiskManagement-srv#flowable-async-job-executor-thread-15019#
[PollStageAppStatusExecution] 6290dc3f-504e-4ecc-a259-f1fc4fa6ab88 [2026-09-17T19:18:29.562253] Creating build for app with guid 6290dc3f-504e-4ecc-a259-f1fc4fa6ab88 (STDOUT, API)#
#2026 09 17 19:18:39.152#Z#DEBUG#6e95f57f-b2cc-11f1-b461-eeee0a8dc34e.RiskManagement-srv#flowable-async-job-executor-thread-15019#
[PollStageAppStatusExecution] 6290dc3f-504e-4ecc-a259-f1fc4fa6ab88 [2026-09-17T19:18:30.032442] Downloading nodejs_buildpack... (STDOUT, STG)#
#2026 09 17 19:18:39.152#Z#DEBUG#6e95f57f-b2cc-11f1-b461-eeee0a8dc34e.RiskManagement-srv#flowable-async-job-executor-thread-15019#
[PollStageAppStatusExecution] 6290dc3f-504e-4ecc-a259-f1fc4fa6ab88 [2026-09-17T19:18:30.075110] Downloaded nodejs_buildpack (STDOUT, STG)#
#2026 09 17 19:18:39.152#Z#DEBUG#6e95f57f-b2cc-11f1-b461-eeee0a8dc34e.RiskManagement-srv#flowable-async-job-executor-thread-15019#
[PollStageAppStatusExecution] 6290dc3f-504e-4ecc-a259-f1fc4fa6ab88 [2026-09-17T19:18:30.075206] Cell c839c7b1-088e-41af-b9b7-66256aacd457 creating container for instance 8814ba65-d826-42c7-a7e0-8d3d76370137 (STDOUT, STG)#
#2026 09 17 19:18:39.152#Z#DEBUG#6e95f57f-b2cc-11f1-b461-eeee0a8dc34e.RiskManagement-srv#flowable-async-job-executor-thread-15019#
[PollStageAppStatusExecution] 6290dc3f-504e-4ecc-a259-f1fc4fa6ab88 [2026-09-17T19:18:31.033892] Security group rules were updated (STDOUT, STG)#
#2026 09 17 19:18:39.152#Z#DEBUG#6e95f57f-b2cc-11f1-b461-eeee0a8dc34e.RiskManagement-srv#flowable-async-job-executor-thread-15019#
[PollStageAppStatusExecution] 6290dc3f-504e-4ecc-a259-f1fc4fa6ab88 [2026-09-17T19:18:31.100215] Cell c839c7b1-088e-41af-b9b7-66256aacd457 successfully created container for instance 8814ba65-d826-42c7-a7e0-8d3d76370137 (STDOUT, STG)#
#2026 09 17 19:18:39.152#Z#DEBUG#6e95f57f-b2cc-11f1-b461-eeee0a8dc34e.RiskManagement-srv#flowable-async-job-executor-thread-15019#
[PollStageAppStatusExecution] 6290dc3f-504e-4ecc-a259-f1fc4fa6ab88 [2026-09-17T19:18:33.438020] Downloading app package... (STDOUT, STG)#
#2026 09 17 19:18:39.152#Z#DEBUG#6e95f57f-b2cc-11f1-b461-eeee0a8dc34e.RiskManagement-srv#flowable-async-job-executor-thread-15019#
[PollStageAppStatusExecution] 6290dc3f-504e-4ecc-a259-f1fc4fa6ab88 [2026-09-17T19:18:33.438074] Downloading build artifacts cache... (STDOUT, STG)#
#2026 09 17 19:18:39.152#Z#DEBUG#6e95f57f-b2cc-11f1-b461-eeee0a8dc34e.RiskManagement-srv#flowable-async-job-executor-thread-15019#
[PollStageAppStatusExecution] 6290dc3f-504e-4ecc-a259-f1fc4fa6ab88 [2026-09-17T19:18:33.579041] Downloaded build artifacts cache (225B) (STDOUT, STG)#
#2026 09 17 19:18:39.152#Z#DEBUG#6e95f57f-b2cc-11f1-b461-eeee0a8dc34e.RiskManagement-srv#flowable-async-job-executor-thread-15019#
[PollStageAppStatusExecution] 6290dc3f-504e-4ecc-a259-f1fc4fa6ab88 [2026-09-17T19:18:34.612688] Downloaded app package (6.3M) (STDOUT, STG)#
#2026 09 17 19:18:39.152#Z#DEBUG#6e95f57f-b2cc-11f1-b461-eeee0a8dc34e.RiskManagement-srv#flowable-async-job-executor-thread-15019#
[PollStageAppStatusExecution] 6290dc3f-504e-4ecc-a259-f1fc4fa6ab88 [2026-09-17T19:18:34.751006] -----> Nodejs Buildpack version 1.9.4 (STDOUT, STG)#
#2026 09 17 19:18:39.152#Z#DEBUG#6e95f57f-b2cc-11f1-b461-eeee0a8dc34e.RiskManagement-srv#flowable-async-job-executor-thread-15019#
[PollStageAppStatusExecution] 6290dc3f-504e-4ecc-a259-f1fc4fa6ab88 [2026-09-17T19:18:35.045157] -----> Bootstrapping python (STDOUT, STG)#
#2026 09 17 19:18:39.152#Z#DEBUG#6e95f57f-b2cc-11f1-b461-eeee0a8dc34e.RiskManagement-srv#flowable-async-job-executor-thread-15019#
[PollStageAppStatusExecution] 6290dc3f-504e-4ecc-a259-f1fc4fa6ab88 [2026-09-17T19:18:35.045185] -----> Installing python 3.13.15 (STDOUT, STG)#
#2026 09 17 19:18:39.152#Z#DEBUG#6e95f57f-b2cc-11f1-b461-eeee0a8dc34e.RiskManagement-srv#flowable-async-job-executor-thread-15019#
[PollStageAppStatusExecution] 6290dc3f-504e-4ecc-a259-f1fc4fa6ab88 [2026-09-17T19:18:35.045246] Copy [/tmp/buildpacks/5be6efbe8830cdb7/dependencies/6832464ec708e1392d482a6034aa2c94/python_3.13.15_linux_x64_cflinuxfs4_0c9cd9fd.tgz] (STDOUT, STG)#
#2026 09 17 19:18:49.190#Z#DEBUG#6e95f57f-b2cc-11f1-b461-eeee0a8dc34e.RiskManagement-srv#flowable-async-job-executor-thread-13102#
[PollStageAppStatusExecution] 6290dc3f-504e-4ecc-a259-f1fc4fa6ab88 [2026-09-17T19:18:39.619117] -----> Installing binaries (STDOUT, STG)#
#2026 09 17 19:18:49.190#Z#DEBUG#6e95f57f-b2cc-11f1-b461-eeee0a8dc34e.RiskManagement-srv#flowable-async-job-executor-thread-13102#
[PollStageAppStatusExecution] 6290dc3f-504e-4ecc-a259-f1fc4fa6ab88 [2026-09-17T19:18:39.619325] engines.node (package.json): ^24 (STDOUT, STG)#
#2026 09 17 19:18:49.190#Z#DEBUG#6e95f57f-b2cc-11f1-b461-eeee0a8dc34e.RiskManagement-srv#flowable-async-job-executor-thread-13102#
[PollStageAppStatusExecution] 6290dc3f-504e-4ecc-a259-f1fc4fa6ab88 [2026-09-17T19:18:39.619346] engines.npm (package.json): unspecified (use default) (STDOUT, STG)#
#2026 09 17 19:18:49.190#Z#DEBUG#6e95f57f-b2cc-11f1-b461-eeee0a8dc34e.RiskManagement-srv#flowable-async-job-executor-thread-13102#
[PollStageAppStatusExecution] 6290dc3f-504e-4ecc-a259-f1fc4fa6ab88 [2026-09-17T19:18:39.619409] -----> Installing node 24.19.0 (STDOUT, STG)#
#2026 09 17 19:18:49.190#Z#DEBUG#6e95f57f-b2cc-11f1-b461-eeee0a8dc34e.RiskManagement-srv#flowable-async-job-executor-thread-13102#
[PollStageAppStatusExecution] 6290dc3f-504e-4ecc-a259-f1fc4fa6ab88 [2026-09-17T19:18:39.620974] Copy [/tmp/buildpacks/5be6efbe8830cdb7/dependencies/cf9035c55d85610a9158faa009b7a7b5/node_24.19.0_linux_x64_cflinuxfs4_9ab26efa.tgz] (STDOUT, STG)#
#2026 09 17 19:18:49.190#Z#DEBUG#6e95f57f-b2cc-11f1-b461-eeee0a8dc34e.RiskManagement-srv#flowable-async-job-executor-thread-13102#
[PollStageAppStatusExecution] 6290dc3f-504e-4ecc-a259-f1fc4fa6ab88 [2026-09-17T19:18:42.323685] Using default npm version: 11.17.0 (STDOUT, STG)#
#2026 09 17 19:18:49.190#Z#DEBUG#6e95f57f-b2cc-11f1-b461-eeee0a8dc34e.RiskManagement-srv#flowable-async-job-executor-thread-13102#
[PollStageAppStatusExecution] 6290dc3f-504e-4ecc-a259-f1fc4fa6ab88 [2026-09-17T19:18:42.323752] -----> Installing yarn 1.22.22 (STDOUT, STG)#
#2026 09 17 19:18:49.190#Z#DEBUG#6e95f57f-b2cc-11f1-b461-eeee0a8dc34e.RiskManagement-srv#flowable-async-job-executor-thread-13102#
[PollStageAppStatusExecution] 6290dc3f-504e-4ecc-a259-f1fc4fa6ab88 [2026-09-17T19:18:42.323899] Copy [/tmp/buildpacks/5be6efbe8830cdb7/dependencies/e4fe26756e9984a665478d350474fa2e/yarn_1.22.22_linux_noarch_any-stack_b6132b86.tgz] (STDOUT, STG)#
#2026 09 17 19:18:49.190#Z#DEBUG#6e95f57f-b2cc-11f1-b461-eeee0a8dc34e.RiskManagement-srv#flowable-async-job-executor-thread-13102#
[PollStageAppStatusExecution] 6290dc3f-504e-4ecc-a259-f1fc4fa6ab88 [2026-09-17T19:18:42.725231] Installed yarn 1.22.22 (STDOUT, STG)#
#2026 09 17 19:18:49.190#Z#DEBUG#6e95f57f-b2cc-11f1-b461-eeee0a8dc34e.RiskManagement-srv#flowable-async-job-executor-thread-13102#
[PollStageAppStatusExecution] 6290dc3f-504e-4ecc-a259-f1fc4fa6ab88 [2026-09-17T19:18:42.725328] -----> Creating runtime environment (STDOUT, STG)#
#2026 09 17 19:18:49.190#Z#DEBUG#6e95f57f-b2cc-11f1-b461-eeee0a8dc34e.RiskManagement-srv#flowable-async-job-executor-thread-13102#
[PollStageAppStatusExecution] 6290dc3f-504e-4ecc-a259-f1fc4fa6ab88 [2026-09-17T19:18:42.727290] NODE_ENV=production (STDOUT, STG)#
#2026 09 17 19:18:49.190#Z#DEBUG#6e95f57f-b2cc-11f1-b461-eeee0a8dc34e.RiskManagement-srv#flowable-async-job-executor-thread-13102#
[PollStageAppStatusExecution] 6290dc3f-504e-4ecc-a259-f1fc4fa6ab88 [2026-09-17T19:18:42.727352] NODE_HOME=/tmp/contents3456042523/deps/0/node (STDOUT, STG)#
#2026 09 17 19:18:49.190#Z#DEBUG#6e95f57f-b2cc-11f1-b461-eeee0a8dc34e.RiskManagement-srv#flowable-async-job-executor-thread-13102#
[PollStageAppStatusExecution] 6290dc3f-504e-4ecc-a259-f1fc4fa6ab88 [2026-09-17T19:18:42.727460] NODE_MODULES_CACHE=true (STDOUT, STG)#
#2026 09 17 19:18:49.190#Z#DEBUG#6e95f57f-b2cc-11f1-b461-eeee0a8dc34e.RiskManagement-srv#flowable-async-job-executor-thread-13102#
[PollStageAppStatusExecution] 6290dc3f-504e-4ecc-a259-f1fc4fa6ab88 [2026-09-17T19:18:42.727517] NODE_VERBOSE=false (STDOUT, STG)#
#2026 09 17 19:18:49.190#Z#DEBUG#6e95f57f-b2cc-11f1-b461-eeee0a8dc34e.RiskManagement-srv#flowable-async-job-executor-thread-13102#
[PollStageAppStatusExecution] 6290dc3f-504e-4ecc-a259-f1fc4fa6ab88 [2026-09-17T19:18:42.727600] NPM_CONFIG_LOGLEVEL=error (STDOUT, STG)#
#2026 09 17 19:18:49.190#Z#DEBUG#6e95f57f-b2cc-11f1-b461-eeee0a8dc34e.RiskManagement-srv#flowable-async-job-executor-thread-13102#
[PollStageAppStatusExecution] 6290dc3f-504e-4ecc-a259-f1fc4fa6ab88 [2026-09-17T19:18:42.727612] NPM_CONFIG_PRODUCTION=true (STDOUT, STG)#
#2026 09 17 19:18:49.190#Z#DEBUG#6e95f57f-b2cc-11f1-b461-eeee0a8dc34e.RiskManagement-srv#flowable-async-job-executor-thread-13102#
[PollStageAppStatusExecution] 6290dc3f-504e-4ecc-a259-f1fc4fa6ab88 [2026-09-17T19:18:42.727615] -----> Building dependencies (STDOUT, STG)#
#2026 09 17 19:18:49.190#Z#DEBUG#6e95f57f-b2cc-11f1-b461-eeee0a8dc34e.RiskManagement-srv#flowable-async-job-executor-thread-13102#
[PollStageAppStatusExecution] 6290dc3f-504e-4ecc-a259-f1fc4fa6ab88 [2026-09-17T19:18:42.727618] Prebuild detected (node_modules already exists) (STDOUT, STG)#
#2026 09 17 19:18:49.190#Z#DEBUG#6e95f57f-b2cc-11f1-b461-eeee0a8dc34e.RiskManagement-srv#flowable-async-job-executor-thread-13102#
[PollStageAppStatusExecution] 6290dc3f-504e-4ecc-a259-f1fc4fa6ab88 [2026-09-17T19:18:42.727621] Rebuilding any native modules (STDOUT, STG)#
#2026 09 17 19:18:49.190#Z#DEBUG#6e95f57f-b2cc-11f1-b461-eeee0a8dc34e.RiskManagement-srv#flowable-async-job-executor-thread-13102#
[PollStageAppStatusExecution] 6290dc3f-504e-4ecc-a259-f1fc4fa6ab88 [2026-09-17T19:18:43.556714] rebuilt dependencies successfully (STDOUT, STG)#
#2026 09 17 19:18:49.190#Z#DEBUG#6e95f57f-b2cc-11f1-b461-eeee0a8dc34e.RiskManagement-srv#flowable-async-job-executor-thread-13102#
[PollStageAppStatusExecution] 6290dc3f-504e-4ecc-a259-f1fc4fa6ab88 [2026-09-17T19:18:43.558816] npm notice (STDOUT, STG)#
#2026 09 17 19:18:49.190#Z#DEBUG#6e95f57f-b2cc-11f1-b461-eeee0a8dc34e.RiskManagement-srv#flowable-async-job-executor-thread-13102#
[PollStageAppStatusExecution] 6290dc3f-504e-4ecc-a259-f1fc4fa6ab88 [2026-09-17T19:18:43.558887] npm notice New major version of npm available! 11.17.0 -> 12.0.2 (STDOUT, STG)#
#2026 09 17 19:18:49.190#Z#DEBUG#6e95f57f-b2cc-11f1-b461-eeee0a8dc34e.RiskManagement-srv#flowable-async-job-executor-thread-13102#
[PollStageAppStatusExecution] 6290dc3f-504e-4ecc-a259-f1fc4fa6ab88 [2026-09-17T19:18:43.558892] npm notice Changelog: https://github.com/npm/cli/releases/tag/v12.0.2 (STDOUT, STG)#
#2026 09 17 19:18:49.190#Z#DEBUG#6e95f57f-b2cc-11f1-b461-eeee0a8dc34e.RiskManagement-srv#flowable-async-job-executor-thread-13102#
[PollStageAppStatusExecution] 6290dc3f-504e-4ecc-a259-f1fc4fa6ab88 [2026-09-17T19:18:43.558898] npm notice To update run: npm install -g npm@12.0.2 (STDOUT, STG)#
#2026 09 17 19:18:49.190#Z#DEBUG#6e95f57f-b2cc-11f1-b461-eeee0a8dc34e.RiskManagement-srv#flowable-async-job-executor-thread-13102#
[PollStageAppStatusExecution] 6290dc3f-504e-4ecc-a259-f1fc4fa6ab88 [2026-09-17T19:18:43.558905] npm notice (STDOUT, STG)#
#2026 09 17 19:18:49.190#Z#DEBUG#6e95f57f-b2cc-11f1-b461-eeee0a8dc34e.RiskManagement-srv#flowable-async-job-executor-thread-13102#
[PollStageAppStatusExecution] 6290dc3f-504e-4ecc-a259-f1fc4fa6ab88 [2026-09-17T19:18:43.634674] Installing any new modules (package.json + package-lock.json) (STDOUT, STG)#
#2026 09 17 19:18:49.190#Z#DEBUG#6e95f57f-b2cc-11f1-b461-eeee0a8dc34e.RiskManagement-srv#flowable-async-job-executor-thread-13102#
[PollStageAppStatusExecution] 6290dc3f-504e-4ecc-a259-f1fc4fa6ab88 [2026-09-17T19:18:44.399926] up to date in 678ms (STDOUT, STG)#
#2026 09 17 19:18:49.190#Z#DEBUG#6e95f57f-b2cc-11f1-b461-eeee0a8dc34e.RiskManagement-srv#flowable-async-job-executor-thread-13102#
[PollStageAppStatusExecution] 6290dc3f-504e-4ecc-a259-f1fc4fa6ab88 [2026-09-17T19:18:44.400195] 35 packages are looking for funding (STDOUT, STG)#
#2026 09 17 19:18:49.190#Z#DEBUG#6e95f57f-b2cc-11f1-b461-eeee0a8dc34e.RiskManagement-srv#flowable-async-job-executor-thread-13102#
[PollStageAppStatusExecution] 6290dc3f-504e-4ecc-a259-f1fc4fa6ab88 [2026-09-17T19:18:44.400295] run `npm fund` for details (STDOUT, STG)#
#2026 09 17 19:18:49.190#Z#DEBUG#6e95f57f-b2cc-11f1-b461-eeee0a8dc34e.RiskManagement-srv#flowable-async-job-executor-thread-13102#
[PollStageAppStatusExecution] 6290dc3f-504e-4ecc-a259-f1fc4fa6ab88 [2026-09-17T19:18:45.387405] Contrast Security no credentials found. Will not write environment files. (STDOUT, STG)#
#2026 09 17 19:18:59.226#Z#DEBUG#6e95f57f-b2cc-11f1-b461-eeee0a8dc34e.RiskManagement-srv#flowable-async-job-executor-thread-13122#
[PollStageAppStatusExecution] 6290dc3f-504e-4ecc-a259-f1fc4fa6ab88 [2026-09-17T19:18:56.460403] Exit status 0 (STDOUT, STG)#
#2026 09 17 19:18:59.226#Z#DEBUG#6e95f57f-b2cc-11f1-b461-eeee0a8dc34e.RiskManagement-srv#flowable-async-job-executor-thread-13122#
[PollStageAppStatusExecution] 6290dc3f-504e-4ecc-a259-f1fc4fa6ab88 [2026-09-17T19:18:56.460472] Uploading droplet, build artifacts cache... (STDOUT, STG)#
#2026 09 17 19:18:59.226#Z#DEBUG#6e95f57f-b2cc-11f1-b461-eeee0a8dc34e.RiskManagement-srv#flowable-async-job-executor-thread-13122#
[PollStageAppStatusExecution] 6290dc3f-504e-4ecc-a259-f1fc4fa6ab88 [2026-09-17T19:18:56.460564] Uploading droplet... (STDOUT, STG)#
#2026 09 17 19:18:59.226#Z#DEBUG#6e95f57f-b2cc-11f1-b461-eeee0a8dc34e.RiskManagement-srv#flowable-async-job-executor-thread-13122#
[PollStageAppStatusExecution] 6290dc3f-504e-4ecc-a259-f1fc4fa6ab88 [2026-09-17T19:18:56.460615] Uploading build artifacts cache... (STDOUT, STG)#
#2026 09 17 19:18:59.226#Z#DEBUG#6e95f57f-b2cc-11f1-b461-eeee0a8dc34e.RiskManagement-srv#flowable-async-job-executor-thread-13122#
[PollStageAppStatusExecution] 6290dc3f-504e-4ecc-a259-f1fc4fa6ab88 [2026-09-17T19:18:56.502865] Uploaded build artifacts cache (223B) (STDOUT, STG)#
#2026 09 17 19:18:59.226#Z#DEBUG#6e95f57f-b2cc-11f1-b461-eeee0a8dc34e.RiskManagement-srv#flowable-async-job-executor-thread-13122#
[PollStageAppStatusExecution] 6290dc3f-504e-4ecc-a259-f1fc4fa6ab88 [2026-09-17T19:18:57.498648] Creating droplet for app with guid 6290dc3f-504e-4ecc-a259-f1fc4fa6ab88 (STDOUT, API)#
#2026 09 17 19:19:09.239#Z#DEBUG#6e95f57f-b2cc-11f1-b461-eeee0a8dc34e.RiskManagement-srv#flowable-async-job-executor-thread-15044#
[PollStageAppStatusExecution] 6290dc3f-504e-4ecc-a259-f1fc4fa6ab88 [2026-09-17T19:18:59.577095] Uploaded droplet (62.3M) (STDOUT, STG)#
#2026 09 17 19:19:09.240#Z#DEBUG#6e95f57f-b2cc-11f1-b461-eeee0a8dc34e.RiskManagement-srv#flowable-async-job-executor-thread-15044#
[PollStageAppStatusExecution] 6290dc3f-504e-4ecc-a259-f1fc4fa6ab88 [2026-09-17T19:18:59.615983] Uploading complete (STDOUT, STG)#
#2026 09 17 19:19:09.240#Z#DEBUG#6e95f57f-b2cc-11f1-b461-eeee0a8dc34e.RiskManagement-srv#flowable-async-job-executor-thread-15044#
[PollStageAppStatusExecution] 6290dc3f-504e-4ecc-a259-f1fc4fa6ab88 [2026-09-17T19:19:01.715938] Cell c839c7b1-088e-41af-b9b7-66256aacd457 stopping instance 8814ba65-d826-42c7-a7e0-8d3d76370137 (STDOUT, STG)#
#2026 09 17 19:19:09.240#Z#DEBUG#6e95f57f-b2cc-11f1-b461-eeee0a8dc34e.RiskManagement-srv#flowable-async-job-executor-thread-15044#
[PollStageAppStatusExecution] 6290dc3f-504e-4ecc-a259-f1fc4fa6ab88 [2026-09-17T19:19:01.715971] Cell c839c7b1-088e-41af-b9b7-66256aacd457 destroying container for instance 8814ba65-d826-42c7-a7e0-8d3d76370137 (STDOUT, STG)#
#2026 09 17 19:19:09.240#Z#DEBUG#6e95f57f-b2cc-11f1-b461-eeee0a8dc34e.RiskManagement-srv#flowable-async-job-executor-thread-15044#
[PollStageAppStatusExecution] 6290dc3f-504e-4ecc-a259-f1fc4fa6ab88 [2026-09-17T19:19:01.776588] Staging complete for build 8814ba65-d826-42c7-a7e0-8d3d76370137 (STDOUT, API)#
#2026 09 17 19:19:09.240#Z#DEBUG#6e95f57f-b2cc-11f1-b461-eeee0a8dc34e.RiskManagement-srv#flowable-async-job-executor-thread-15044#
[PollStageAppStatusExecution] 6290dc3f-504e-4ecc-a259-f1fc4fa6ab88 [2026-09-17T19:19:03.825161] Cell c839c7b1-088e-41af-b9b7-66256aacd457 successfully destroyed container for instance 8814ba65-d826-42c7-a7e0-8d3d76370137 (STDOUT, STG)#
#2026 09 17 19:19:19.296#Z#DEBUG#6e95f57f-b2cc-11f1-b461-eeee0a8dc34e.RiskManagement-srv#flowable-async-job-executor-thread-15049#
[PollStartAppStatusExecution] 6290dc3f-504e-4ecc-a259-f1fc4fa6ab88 [2026-09-17T19:19:09.296503] Updated app with guid 6290dc3f-504e-4ecc-a259-f1fc4fa6ab88 ({:droplet_guid=>"5a80558f-fd54-4f83-9683-9c49ed599185"}) (STDOUT, API)#
#2026 09 17 19:19:19.296#Z#DEBUG#6e95f57f-b2cc-11f1-b461-eeee0a8dc34e.RiskManagement-srv#flowable-async-job-executor-thread-15049#
[PollStartAppStatusExecution] 6290dc3f-504e-4ecc-a259-f1fc4fa6ab88 [2026-09-17T19:19:09.457974] Creating revision for app with guid 6290dc3f-504e-4ecc-a259-f1fc4fa6ab88 (STDOUT, API)#
#2026 09 17 19:19:19.296#Z#DEBUG#6e95f57f-b2cc-11f1-b461-eeee0a8dc34e.RiskManagement-srv#flowable-async-job-executor-thread-15049#
[PollStartAppStatusExecution] 6290dc3f-504e-4ecc-a259-f1fc4fa6ab88 [2026-09-17T19:19:09.504016] Starting app with guid 6290dc3f-504e-4ecc-a259-f1fc4fa6ab88 (STDOUT, API)#
#2026 09 17 19:19:19.296#Z#DEBUG#6e95f57f-b2cc-11f1-b461-eeee0a8dc34e.RiskManagement-srv#flowable-async-job-executor-thread-15049#
[PollStartAppStatusExecution] 6290dc3f-504e-4ecc-a259-f1fc4fa6ab88 [2026-09-17T19:19:09.808765] Cell d1cc041a-d5a1-41d6-b9f6-6cda736ce3f0 creating container for instance 3dd09120-78c0-43ad-7980-4077 (STDOUT, CELL)#
#2026 09 17 19:19:19.296#Z#DEBUG#6e95f57f-b2cc-11f1-b461-eeee0a8dc34e.RiskManagement-srv#flowable-async-job-executor-thread-15049#
[PollStartAppStatusExecution] 6290dc3f-504e-4ecc-a259-f1fc4fa6ab88 [2026-09-17T19:19:10.635166] Security group rules were updated (STDOUT, CELL)#
#2026 09 17 19:19:19.296#Z#DEBUG#6e95f57f-b2cc-11f1-b461-eeee0a8dc34e.RiskManagement-srv#flowable-async-job-executor-thread-15049#
[PollStartAppStatusExecution] 6290dc3f-504e-4ecc-a259-f1fc4fa6ab88 [2026-09-17T19:19:10.678638] Cell d1cc041a-d5a1-41d6-b9f6-6cda736ce3f0 successfully created container for instance 3dd09120-78c0-43ad-7980-4077 (STDOUT, CELL)#
#2026 09 17 19:19:19.296#Z#DEBUG#6e95f57f-b2cc-11f1-b461-eeee0a8dc34e.RiskManagement-srv#flowable-async-job-executor-thread-15049#
[PollStartAppStatusExecution] 6290dc3f-504e-4ecc-a259-f1fc4fa6ab88 [2026-09-17T19:19:11.717346] Downloading droplet... (STDOUT, CELL)#
#2026 09 17 19:19:19.296#Z#DEBUG#6e95f57f-b2cc-11f1-b461-eeee0a8dc34e.RiskManagement-srv#flowable-async-job-executor-thread-15049#
[PollStartAppStatusExecution] 6290dc3f-504e-4ecc-a259-f1fc4fa6ab88 [2026-09-17T19:19:15.733216] Downloaded droplet (62.3M) (STDOUT, CELL)#
#2026 09 17 19:19:19.296#Z#DEBUG#6e95f57f-b2cc-11f1-b461-eeee0a8dc34e.RiskManagement-srv#flowable-async-job-executor-thread-15049#
[PollStartAppStatusExecution] 6290dc3f-504e-4ecc-a259-f1fc4fa6ab88 [2026-09-17T19:19:15.733356] Starting health monitoring of container (STDOUT, CELL)#
#2026 09 17 19:19:19.296#Z#DEBUG#6e95f57f-b2cc-11f1-b461-eeee0a8dc34e.RiskManagement-srv#flowable-async-job-executor-thread-15049#
[PollStartAppStatusExecution] 6290dc3f-504e-4ecc-a259-f1fc4fa6ab88 [2026-09-17T19:19:15.855357] Invoking pre-start scripts. (STDOUT, APP/PROC/WEB)#
#2026 09 17 19:19:19.296#Z#DEBUG#6e95f57f-b2cc-11f1-b461-eeee0a8dc34e.RiskManagement-srv#flowable-async-job-executor-thread-15049#
[PollStartAppStatusExecution] 6290dc3f-504e-4ecc-a259-f1fc4fa6ab88 [2026-09-17T19:19:16.111312] Invoking start command. (STDOUT, APP/PROC/WEB)#
#2026 09 17 19:19:19.296#Z#DEBUG#6e95f57f-b2cc-11f1-b461-eeee0a8dc34e.RiskManagement-srv#flowable-async-job-executor-thread-15049#
[PollStartAppStatusExecution] 6290dc3f-504e-4ecc-a259-f1fc4fa6ab88 [2026-09-17T19:19:16.565099] > RiskManagement@1.0.0 start (STDOUT, APP/PROC/WEB)#
#2026 09 17 19:19:19.296#Z#DEBUG#6e95f57f-b2cc-11f1-b461-eeee0a8dc34e.RiskManagement-srv#flowable-async-job-executor-thread-15049#
[PollStartAppStatusExecution] 6290dc3f-504e-4ecc-a259-f1fc4fa6ab88 [2026-09-17T19:19:16.565130] > cds-serve (STDOUT, APP/PROC/WEB)#
#2026 09 17 19:19:19.296#Z#DEBUG#6e95f57f-b2cc-11f1-b461-eeee0a8dc34e.RiskManagement-srv#flowable-async-job-executor-thread-15049#
[PollStartAppStatusExecution] 6290dc3f-504e-4ecc-a259-f1fc4fa6ab88 [2026-09-17T19:19:17.036044] {"level":"info","logger":"cds","timestamp":"2026-09-17T19:19:17.034Z","layer":"cds","component_type":"application","container_id":"10.32.1.5","component_id":"6290dc3f-504e-4ecc-a259-f1fc4fa6ab88","component_name":"RiskManagement-srv","component_instance":0,"source_instance":0,"organization_name":"47a58eedtrial","organization_id":"d7a02038-bfb6-4965-9398-981fd602b71e","space_name":"dev","space_id":"b1534f58-8387-42a5-8ece-809300958c1c","msg":"loaded model from 1 file(s):\n ","type":"log"} (STDOUT, APP/PROC/WEB)#
#2026 09 17 19:19:19.296#Z#DEBUG#6e95f57f-b2cc-11f1-b461-eeee0a8dc34e.RiskManagement-srv#flowable-async-job-executor-thread-15049#
[PollStartAppStatusExecution] 6290dc3f-504e-4ecc-a259-f1fc4fa6ab88 [2026-09-17T19:19:17.036651] srv/csn.json (STDOUT, APP/PROC/WEB)#
#2026 09 17 19:19:19.296#Z#DEBUG#6e95f57f-b2cc-11f1-b461-eeee0a8dc34e.RiskManagement-srv#flowable-async-job-executor-thread-15049#
[PollStartAppStatusExecution] 6290dc3f-504e-4ecc-a259-f1fc4fa6ab88 [2026-09-17T19:19:17.339259] {"level":"info","logger":"cds","timestamp":"2026-09-17T19:19:17.338Z","layer":"cds","component_type":"application","container_id":"10.32.1.5","component_id":"6290dc3f-504e-4ecc-a259-f1fc4fa6ab88","component_name":"RiskManagement-srv","component_instance":0,"source_instance":0,"organization_name":"47a58eedtrial","organization_id":"d7a02038-bfb6-4965-9398-981fd602b71e","space_name":"dev","space_id":"b1534f58-8387-42a5-8ece-809300958c1c","msg":"connect to db > hana {\n  database_id: '69bcbe67-03bc-4478-9fd0-d9ad2b0779fc',\n  host: '69bcbe67-03bc-4478-9fd0-d9ad2b0779fc.hna0.prod-us10.hanacloud.ondemand.com',\n  port: '443',\n  driver: 'com.sap.db.jdbc.Driver',\n  url: 'jdbc:sap://69bcbe67-03bc-4478-9fd0-d9ad2b0779fc.hna0.prod-us10.hanacloud.ondemand.com:443?encrypt=true&validateCertificate=true&currentschema=469D6B9E201445348236316C21268313',\n  schema: '469D6B9E201445348236316C21268313',\n  certificate: '...',\n  hdi_user: '469D6B9E201445348236316C21268313_E105FN2NA51E1K69P0Q32C4JO_DT',\n  hdi_password: '...',\n  user: '469D6B9E201445348236316C21268313_E105FN2NA51E1K69P0Q32C4JO_RT',\n  password: '...'\n}","type":"log"} (STDOUT, APP/PROC/WEB)#
#2026 09 17 19:19:19.296#Z#DEBUG#6e95f57f-b2cc-11f1-b461-eeee0a8dc34e.RiskManagement-srv#flowable-async-job-executor-thread-15049#
[PollStartAppStatusExecution] 6290dc3f-504e-4ecc-a259-f1fc4fa6ab88 [2026-09-17T19:19:17.397380] {"level":"info","logger":"cds","timestamp":"2026-09-17T19:19:17.396Z","layer":"cds","component_type":"application","container_id":"10.32.1.5","component_id":"6290dc3f-504e-4ecc-a259-f1fc4fa6ab88","component_name":"RiskManagement-srv","component_instance":0,"source_instance":0,"organization_name":"47a58eedtrial","organization_id":"d7a02038-bfb6-4965-9398-981fd602b71e","space_name":"dev","space_id":"b1534f58-8387-42a5-8ece-809300958c1c","msg":"using auth strategy { kind: 'xsuaa' }","type":"log"} (STDOUT, APP/PROC/WEB)#
#2026 09 17 19:19:19.296#Z#DEBUG#6e95f57f-b2cc-11f1-b461-eeee0a8dc34e.RiskManagement-srv#flowable-async-job-executor-thread-15049#
[PollStartAppStatusExecution] 6290dc3f-504e-4ecc-a259-f1fc4fa6ab88 [2026-09-17T19:19:17.437574] {"level":"info","logger":"cds","timestamp":"2026-09-17T19:19:17.437Z","layer":"cds","component_type":"application","container_id":"10.32.1.5","component_id":"6290dc3f-504e-4ecc-a259-f1fc4fa6ab88","component_name":"RiskManagement-srv","component_instance":0,"source_instance":0,"organization_name":"47a58eedtrial","organization_id":"d7a02038-bfb6-4965-9398-981fd602b71e","space_name":"dev","space_id":"b1534f58-8387-42a5-8ece-809300958c1c","msg":"serving RiskManagementService {\n  at: [ '/service/RiskManagementService' ],\n  decl: 'srv/csn.json:109'\n}","type":"log"} (STDOUT, APP/PROC/WEB)#
#2026 09 17 19:19:19.296#Z#DEBUG#6e95f57f-b2cc-11f1-b461-eeee0a8dc34e.RiskManagement-srv#flowable-async-job-executor-thread-15049#
[PollStartAppStatusExecution] 6290dc3f-504e-4ecc-a259-f1fc4fa6ab88 [2026-09-17T19:19:17.440658] {"level":"info","logger":"cds","timestamp":"2026-09-17T19:19:17.440Z","layer":"cds","component_type":"application","container_id":"10.32.1.5","component_id":"6290dc3f-504e-4ecc-a259-f1fc4fa6ab88","component_name":"RiskManagement-srv","component_instance":0,"source_instance":0,"organization_name":"47a58eedtrial","organization_id":"d7a02038-bfb6-4965-9398-981fd602b71e","space_name":"dev","space_id":"b1534f58-8387-42a5-8ece-809300958c1c","msg":"server listening on { url: 'http://localhost:8080' }","type":"log"} (STDOUT, APP/PROC/WEB)#
#2026 09 17 19:19:19.296#Z#DEBUG#6e95f57f-b2cc-11f1-b461-eeee0a8dc34e.RiskManagement-srv#flowable-async-job-executor-thread-15049#
[PollStartAppStatusExecution] 6290dc3f-504e-4ecc-a259-f1fc4fa6ab88 [2026-09-17T19:19:17.442085] {"level":"info","logger":"cds","timestamp":"2026-09-17T19:19:17.441Z","layer":"cds","component_type":"application","container_id":"10.32.1.5","component_id":"6290dc3f-504e-4ecc-a259-f1fc4fa6ab88","component_name":"RiskManagement-srv","component_instance":0,"source_instance":0,"organization_name":"47a58eedtrial","organization_id":"d7a02038-bfb6-4965-9398-981fd602b71e","space_name":"dev","space_id":"b1534f58-8387-42a5-8ece-809300958c1c","msg":"server v10.1.0 launched in 863 ms","type":"log"} (STDOUT, APP/PROC/WEB)#
#2026 09 17 19:19:19.296#Z#DEBUG#6e95f57f-b2cc-11f1-b461-eeee0a8dc34e.RiskManagement-srv#flowable-async-job-executor-thread-15049#
[PollStartAppStatusExecution] 6290dc3f-504e-4ecc-a259-f1fc4fa6ab88 [2026-09-17T19:19:18.929197] Container became healthy (STDOUT, CELL)#
