#2026 09 16 11:58:39.314#Z#DEBUG#d27b103a-b1c5-11f1-bf33-eeee0a8e3dbc.RiskManagement-db-deployer#flowable-async-job-executor-thread-1497#
[PollStageAppStatusExecution] c681784e-0734-4edd-bfea-9fddfbacadbf [2026-09-16T11:58:01.243635] Added process: "web" (STDOUT, API)#
#2026 09 16 11:58:39.314#Z#DEBUG#d27b103a-b1c5-11f1-bf33-eeee0a8e3dbc.RiskManagement-db-deployer#flowable-async-job-executor-thread-1497#
[PollStageAppStatusExecution] c681784e-0734-4edd-bfea-9fddfbacadbf [2026-09-16T11:58:01.254425] Created app with guid c681784e-0734-4edd-bfea-9fddfbacadbf (STDOUT, API)#
#2026 09 16 11:58:39.314#Z#DEBUG#d27b103a-b1c5-11f1-bf33-eeee0a8e3dbc.RiskManagement-db-deployer#flowable-async-job-executor-thread-1497#
[PollStageAppStatusExecution] c681784e-0734-4edd-bfea-9fddfbacadbf [2026-09-16T11:58:01.354222] Updating process: "web" (STDOUT, API)#
#2026 09 16 11:58:39.314#Z#DEBUG#d27b103a-b1c5-11f1-bf33-eeee0a8e3dbc.RiskManagement-db-deployer#flowable-async-job-executor-thread-1497#
[PollStageAppStatusExecution] c681784e-0734-4edd-bfea-9fddfbacadbf [2026-09-16T11:58:01.418565] Scaling process: "web" (STDOUT, API)#
#2026 09 16 11:58:39.314#Z#DEBUG#d27b103a-b1c5-11f1-bf33-eeee0a8e3dbc.RiskManagement-db-deployer#flowable-async-job-executor-thread-1497#
[PollStageAppStatusExecution] c681784e-0734-4edd-bfea-9fddfbacadbf [2026-09-16T11:58:18.844573] Uploading app package for app with guid c681784e-0734-4edd-bfea-9fddfbacadbf (STDOUT, API)#
#2026 09 16 11:58:39.314#Z#DEBUG#d27b103a-b1c5-11f1-bf33-eeee0a8e3dbc.RiskManagement-db-deployer#flowable-async-job-executor-thread-1497#
[PollStageAppStatusExecution] c681784e-0734-4edd-bfea-9fddfbacadbf [2026-09-16T11:58:19.053243] Updated app with guid c681784e-0734-4edd-bfea-9fddfbacadbf ({"environment_variables"=>"[PRIVATE DATA HIDDEN]"}) (STDOUT, API)#
#2026 09 16 11:58:39.314#Z#DEBUG#d27b103a-b1c5-11f1-bf33-eeee0a8e3dbc.RiskManagement-db-deployer#flowable-async-job-executor-thread-1497#
[PollStageAppStatusExecution] c681784e-0734-4edd-bfea-9fddfbacadbf [2026-09-16T11:58:29.109273] Creating build for app with guid c681784e-0734-4edd-bfea-9fddfbacadbf (STDOUT, API)#
#2026 09 16 11:58:39.314#Z#DEBUG#d27b103a-b1c5-11f1-bf33-eeee0a8e3dbc.RiskManagement-db-deployer#flowable-async-job-executor-thread-1497#
[PollStageAppStatusExecution] c681784e-0734-4edd-bfea-9fddfbacadbf [2026-09-16T11:58:29.579369] Downloading nodejs_buildpack... (STDOUT, STG)#
#2026 09 16 11:58:39.314#Z#DEBUG#d27b103a-b1c5-11f1-bf33-eeee0a8e3dbc.RiskManagement-db-deployer#flowable-async-job-executor-thread-1497#
[PollStageAppStatusExecution] c681784e-0734-4edd-bfea-9fddfbacadbf [2026-09-16T11:58:29.616059] Downloaded nodejs_buildpack (STDOUT, STG)#
#2026 09 16 11:58:39.314#Z#DEBUG#d27b103a-b1c5-11f1-bf33-eeee0a8e3dbc.RiskManagement-db-deployer#flowable-async-job-executor-thread-1497#
[PollStageAppStatusExecution] c681784e-0734-4edd-bfea-9fddfbacadbf [2026-09-16T11:58:29.616213] Cell d1cc041a-d5a1-41d6-b9f6-6cda736ce3f0 creating container for instance 5848dbef-15ba-4088-9c6b-69dc8f584439 (STDOUT, STG)#
#2026 09 16 11:58:39.314#Z#DEBUG#d27b103a-b1c5-11f1-bf33-eeee0a8e3dbc.RiskManagement-db-deployer#flowable-async-job-executor-thread-1497#
[PollStageAppStatusExecution] c681784e-0734-4edd-bfea-9fddfbacadbf [2026-09-16T11:58:31.318931] Security group rules were updated (STDOUT, STG)#
#2026 09 16 11:58:39.314#Z#DEBUG#d27b103a-b1c5-11f1-bf33-eeee0a8e3dbc.RiskManagement-db-deployer#flowable-async-job-executor-thread-1497#
[PollStageAppStatusExecution] c681784e-0734-4edd-bfea-9fddfbacadbf [2026-09-16T11:58:31.436779] Cell d1cc041a-d5a1-41d6-b9f6-6cda736ce3f0 successfully created container for instance 5848dbef-15ba-4088-9c6b-69dc8f584439 (STDOUT, STG)#
#2026 09 16 11:58:39.314#Z#DEBUG#d27b103a-b1c5-11f1-bf33-eeee0a8e3dbc.RiskManagement-db-deployer#flowable-async-job-executor-thread-1497#
[PollStageAppStatusExecution] c681784e-0734-4edd-bfea-9fddfbacadbf [2026-09-16T11:58:32.335414] Downloading app package... (STDOUT, STG)#
#2026 09 16 11:58:39.314#Z#DEBUG#d27b103a-b1c5-11f1-bf33-eeee0a8e3dbc.RiskManagement-db-deployer#flowable-async-job-executor-thread-1497#
[PollStageAppStatusExecution] c681784e-0734-4edd-bfea-9fddfbacadbf [2026-09-16T11:58:32.706004] Downloaded app package (2.3M) (STDOUT, STG)#
#2026 09 16 11:58:39.314#Z#DEBUG#d27b103a-b1c5-11f1-bf33-eeee0a8e3dbc.RiskManagement-db-deployer#flowable-async-job-executor-thread-1497#
[PollStageAppStatusExecution] c681784e-0734-4edd-bfea-9fddfbacadbf [2026-09-16T11:58:32.901833] -----> Nodejs Buildpack version 1.9.3 (STDOUT, STG)#
#2026 09 16 11:58:39.314#Z#DEBUG#d27b103a-b1c5-11f1-bf33-eeee0a8e3dbc.RiskManagement-db-deployer#flowable-async-job-executor-thread-1497#
[PollStageAppStatusExecution] c681784e-0734-4edd-bfea-9fddfbacadbf [2026-09-16T11:58:33.170713] -----> Bootstrapping python (STDOUT, STG)#
#2026 09 16 11:58:39.314#Z#DEBUG#d27b103a-b1c5-11f1-bf33-eeee0a8e3dbc.RiskManagement-db-deployer#flowable-async-job-executor-thread-1497#
[PollStageAppStatusExecution] c681784e-0734-4edd-bfea-9fddfbacadbf [2026-09-16T11:58:33.170856] -----> Installing python 3.13.14 (STDOUT, STG)#
#2026 09 16 11:58:39.314#Z#DEBUG#d27b103a-b1c5-11f1-bf33-eeee0a8e3dbc.RiskManagement-db-deployer#flowable-async-job-executor-thread-1497#
[PollStageAppStatusExecution] c681784e-0734-4edd-bfea-9fddfbacadbf [2026-09-16T11:58:33.170934] Copy [/tmp/buildpacks/336fb825d4d72bff/dependencies/4b4266a2ff36730aef37b88b668ca327/python_3.13.14_linux_x64_cflinuxfs4_b80d4954.tgz] (STDOUT, STG)#
#2026 09 16 11:58:49.424#Z#DEBUG#d27b103a-b1c5-11f1-bf33-eeee0a8e3dbc.RiskManagement-db-deployer#flowable-async-job-executor-thread-1517#
[PollStageAppStatusExecution] c681784e-0734-4edd-bfea-9fddfbacadbf [2026-09-16T11:58:39.618185] -----> Installing binaries (STDOUT, STG)#
#2026 09 16 11:58:49.424#Z#DEBUG#d27b103a-b1c5-11f1-bf33-eeee0a8e3dbc.RiskManagement-db-deployer#flowable-async-job-executor-thread-1517#
[PollStageAppStatusExecution] c681784e-0734-4edd-bfea-9fddfbacadbf [2026-09-16T11:58:39.618328] engines.node (package.json): ^24 (STDOUT, STG)#
#2026 09 16 11:58:49.424#Z#DEBUG#d27b103a-b1c5-11f1-bf33-eeee0a8e3dbc.RiskManagement-db-deployer#flowable-async-job-executor-thread-1517#
[PollStageAppStatusExecution] c681784e-0734-4edd-bfea-9fddfbacadbf [2026-09-16T11:58:39.618353] engines.npm (package.json): unspecified (use default) (STDOUT, STG)#
#2026 09 16 11:58:49.424#Z#DEBUG#d27b103a-b1c5-11f1-bf33-eeee0a8e3dbc.RiskManagement-db-deployer#flowable-async-job-executor-thread-1517#
[PollStageAppStatusExecution] c681784e-0734-4edd-bfea-9fddfbacadbf [2026-09-16T11:58:39.618585] -----> Installing node 24.18.0 (STDOUT, STG)#
#2026 09 16 11:58:49.424#Z#DEBUG#d27b103a-b1c5-11f1-bf33-eeee0a8e3dbc.RiskManagement-db-deployer#flowable-async-job-executor-thread-1517#
[PollStageAppStatusExecution] c681784e-0734-4edd-bfea-9fddfbacadbf [2026-09-16T11:58:39.618947] Copy [/tmp/buildpacks/336fb825d4d72bff/dependencies/dffbbb835fcd073c4544f78eb6247fac/node_24.18.0_linux_x64_cflinuxfs4_cdfed650.tgz] (STDOUT, STG)#
#2026 09 16 11:58:49.424#Z#DEBUG#d27b103a-b1c5-11f1-bf33-eeee0a8e3dbc.RiskManagement-db-deployer#flowable-async-job-executor-thread-1517#
[PollStageAppStatusExecution] c681784e-0734-4edd-bfea-9fddfbacadbf [2026-09-16T11:58:43.386146] Using default npm version: 11.16.0 (STDOUT, STG)#
#2026 09 16 11:58:49.424#Z#DEBUG#d27b103a-b1c5-11f1-bf33-eeee0a8e3dbc.RiskManagement-db-deployer#flowable-async-job-executor-thread-1517#
[PollStageAppStatusExecution] c681784e-0734-4edd-bfea-9fddfbacadbf [2026-09-16T11:58:43.386198] -----> Installing yarn 1.22.22 (STDOUT, STG)#
#2026 09 16 11:58:49.424#Z#DEBUG#d27b103a-b1c5-11f1-bf33-eeee0a8e3dbc.RiskManagement-db-deployer#flowable-async-job-executor-thread-1517#
[PollStageAppStatusExecution] c681784e-0734-4edd-bfea-9fddfbacadbf [2026-09-16T11:58:43.386590] Copy [/tmp/buildpacks/336fb825d4d72bff/dependencies/e4fe26756e9984a665478d350474fa2e/yarn_1.22.22_linux_noarch_any-stack_b6132b86.tgz] (STDOUT, STG)#
#2026 09 16 11:58:49.424#Z#DEBUG#d27b103a-b1c5-11f1-bf33-eeee0a8e3dbc.RiskManagement-db-deployer#flowable-async-job-executor-thread-1517#
[PollStageAppStatusExecution] c681784e-0734-4edd-bfea-9fddfbacadbf [2026-09-16T11:58:43.999532] Installed yarn 1.22.22 (STDOUT, STG)#
#2026 09 16 11:58:49.424#Z#DEBUG#d27b103a-b1c5-11f1-bf33-eeee0a8e3dbc.RiskManagement-db-deployer#flowable-async-job-executor-thread-1517#
[PollStageAppStatusExecution] c681784e-0734-4edd-bfea-9fddfbacadbf [2026-09-16T11:58:43.999593] -----> Creating runtime environment (STDOUT, STG)#
#2026 09 16 11:58:49.424#Z#DEBUG#d27b103a-b1c5-11f1-bf33-eeee0a8e3dbc.RiskManagement-db-deployer#flowable-async-job-executor-thread-1517#
[PollStageAppStatusExecution] c681784e-0734-4edd-bfea-9fddfbacadbf [2026-09-16T11:58:44.002761] NODE_ENV=production (STDOUT, STG)#
#2026 09 16 11:58:49.424#Z#DEBUG#d27b103a-b1c5-11f1-bf33-eeee0a8e3dbc.RiskManagement-db-deployer#flowable-async-job-executor-thread-1517#
[PollStageAppStatusExecution] c681784e-0734-4edd-bfea-9fddfbacadbf [2026-09-16T11:58:44.002801] NODE_HOME=/tmp/contents3788628163/deps/0/node (STDOUT, STG)#
#2026 09 16 11:58:49.424#Z#DEBUG#d27b103a-b1c5-11f1-bf33-eeee0a8e3dbc.RiskManagement-db-deployer#flowable-async-job-executor-thread-1517#
[PollStageAppStatusExecution] c681784e-0734-4edd-bfea-9fddfbacadbf [2026-09-16T11:58:44.002881] NODE_MODULES_CACHE=true (STDOUT, STG)#
#2026 09 16 11:58:49.424#Z#DEBUG#d27b103a-b1c5-11f1-bf33-eeee0a8e3dbc.RiskManagement-db-deployer#flowable-async-job-executor-thread-1517#
[PollStageAppStatusExecution] c681784e-0734-4edd-bfea-9fddfbacadbf [2026-09-16T11:58:44.002907] NODE_VERBOSE=false (STDOUT, STG)#
#2026 09 16 11:58:49.424#Z#DEBUG#d27b103a-b1c5-11f1-bf33-eeee0a8e3dbc.RiskManagement-db-deployer#flowable-async-job-executor-thread-1517#
[PollStageAppStatusExecution] c681784e-0734-4edd-bfea-9fddfbacadbf [2026-09-16T11:58:44.002911] NPM_CONFIG_LOGLEVEL=error (STDOUT, STG)#
#2026 09 16 11:58:49.424#Z#DEBUG#d27b103a-b1c5-11f1-bf33-eeee0a8e3dbc.RiskManagement-db-deployer#flowable-async-job-executor-thread-1517#
[PollStageAppStatusExecution] c681784e-0734-4edd-bfea-9fddfbacadbf [2026-09-16T11:58:44.002917] NPM_CONFIG_PRODUCTION=true (STDOUT, STG)#
#2026 09 16 11:58:49.424#Z#DEBUG#d27b103a-b1c5-11f1-bf33-eeee0a8e3dbc.RiskManagement-db-deployer#flowable-async-job-executor-thread-1517#
[PollStageAppStatusExecution] c681784e-0734-4edd-bfea-9fddfbacadbf [2026-09-16T11:58:44.003034] -----> Building dependencies (STDOUT, STG)#
#2026 09 16 11:58:49.424#Z#DEBUG#d27b103a-b1c5-11f1-bf33-eeee0a8e3dbc.RiskManagement-db-deployer#flowable-async-job-executor-thread-1517#
[PollStageAppStatusExecution] c681784e-0734-4edd-bfea-9fddfbacadbf [2026-09-16T11:58:44.003157] Prebuild detected (node_modules already exists) (STDOUT, STG)#
#2026 09 16 11:58:49.424#Z#DEBUG#d27b103a-b1c5-11f1-bf33-eeee0a8e3dbc.RiskManagement-db-deployer#flowable-async-job-executor-thread-1517#
[PollStageAppStatusExecution] c681784e-0734-4edd-bfea-9fddfbacadbf [2026-09-16T11:58:44.003267] Rebuilding any native modules (STDOUT, STG)#
#2026 09 16 11:58:49.424#Z#DEBUG#d27b103a-b1c5-11f1-bf33-eeee0a8e3dbc.RiskManagement-db-deployer#flowable-async-job-executor-thread-1517#
[PollStageAppStatusExecution] c681784e-0734-4edd-bfea-9fddfbacadbf [2026-09-16T11:58:44.908665] rebuilt dependencies successfully (STDOUT, STG)#
#2026 09 16 11:58:49.424#Z#DEBUG#d27b103a-b1c5-11f1-bf33-eeee0a8e3dbc.RiskManagement-db-deployer#flowable-async-job-executor-thread-1517#
[PollStageAppStatusExecution] c681784e-0734-4edd-bfea-9fddfbacadbf [2026-09-16T11:58:44.996267] Installing any new modules (package.json + package-lock.json) (STDOUT, STG)#
#2026 09 16 11:58:49.424#Z#DEBUG#d27b103a-b1c5-11f1-bf33-eeee0a8e3dbc.RiskManagement-db-deployer#flowable-async-job-executor-thread-1517#
[PollStageAppStatusExecution] c681784e-0734-4edd-bfea-9fddfbacadbf [2026-09-16T11:58:45.786869] up to date in 656ms (STDOUT, STG)#
#2026 09 16 11:58:49.424#Z#DEBUG#d27b103a-b1c5-11f1-bf33-eeee0a8e3dbc.RiskManagement-db-deployer#flowable-async-job-executor-thread-1517#
[PollStageAppStatusExecution] c681784e-0734-4edd-bfea-9fddfbacadbf [2026-09-16T11:58:45.787068] 4 packages are looking for funding (STDOUT, STG)#
#2026 09 16 11:58:49.424#Z#DEBUG#d27b103a-b1c5-11f1-bf33-eeee0a8e3dbc.RiskManagement-db-deployer#flowable-async-job-executor-thread-1517#
[PollStageAppStatusExecution] c681784e-0734-4edd-bfea-9fddfbacadbf [2026-09-16T11:58:45.787140] run `npm fund` for details (STDOUT, STG)#
#2026 09 16 11:58:49.424#Z#DEBUG#d27b103a-b1c5-11f1-bf33-eeee0a8e3dbc.RiskManagement-db-deployer#flowable-async-job-executor-thread-1517#
[PollStageAppStatusExecution] c681784e-0734-4edd-bfea-9fddfbacadbf [2026-09-16T11:58:46.709905] Contrast Security no credentials found. Will not write environment files. (STDOUT, STG)#
#2026 09 16 11:58:59.400#Z#DEBUG#d27b103a-b1c5-11f1-bf33-eeee0a8e3dbc.RiskManagement-db-deployer#flowable-async-job-executor-thread-1521#
[PollStageAppStatusExecution] c681784e-0734-4edd-bfea-9fddfbacadbf [2026-09-16T11:58:57.843719] Exit status 0 (STDOUT, STG)#
#2026 09 16 11:58:59.400#Z#DEBUG#d27b103a-b1c5-11f1-bf33-eeee0a8e3dbc.RiskManagement-db-deployer#flowable-async-job-executor-thread-1521#
[PollStageAppStatusExecution] c681784e-0734-4edd-bfea-9fddfbacadbf [2026-09-16T11:58:57.843789] Uploading droplet, build artifacts cache... (STDOUT, STG)#
#2026 09 16 11:58:59.400#Z#DEBUG#d27b103a-b1c5-11f1-bf33-eeee0a8e3dbc.RiskManagement-db-deployer#flowable-async-job-executor-thread-1521#
[PollStageAppStatusExecution] c681784e-0734-4edd-bfea-9fddfbacadbf [2026-09-16T11:58:57.843845] Uploading build artifacts cache... (STDOUT, STG)#
#2026 09 16 11:58:59.400#Z#DEBUG#d27b103a-b1c5-11f1-bf33-eeee0a8e3dbc.RiskManagement-db-deployer#flowable-async-job-executor-thread-1521#
[PollStageAppStatusExecution] c681784e-0734-4edd-bfea-9fddfbacadbf [2026-09-16T11:58:57.843971] Uploading droplet... (STDOUT, STG)#
#2026 09 16 11:58:59.400#Z#DEBUG#d27b103a-b1c5-11f1-bf33-eeee0a8e3dbc.RiskManagement-db-deployer#flowable-async-job-executor-thread-1521#
[PollStageAppStatusExecution] c681784e-0734-4edd-bfea-9fddfbacadbf [2026-09-16T11:58:57.873233] Uploaded build artifacts cache (215B) (STDOUT, STG)#
#2026 09 16 11:58:59.400#Z#DEBUG#d27b103a-b1c5-11f1-bf33-eeee0a8e3dbc.RiskManagement-db-deployer#flowable-async-job-executor-thread-1521#
[PollStageAppStatusExecution] c681784e-0734-4edd-bfea-9fddfbacadbf [2026-09-16T11:58:58.683691] Creating droplet for app with guid c681784e-0734-4edd-bfea-9fddfbacadbf (STDOUT, API)#
#2026 09 16 11:59:09.495#Z#DEBUG#d27b103a-b1c5-11f1-bf33-eeee0a8e3dbc.RiskManagement-db-deployer#flowable-async-job-executor-thread-1533#
[PollStageAppStatusExecution] c681784e-0734-4edd-bfea-9fddfbacadbf [2026-09-16T11:59:03.753080] Uploaded droplet (59.2M) (STDOUT, STG)#
#2026 09 16 11:59:09.495#Z#DEBUG#d27b103a-b1c5-11f1-bf33-eeee0a8e3dbc.RiskManagement-db-deployer#flowable-async-job-executor-thread-1533#
[PollStageAppStatusExecution] c681784e-0734-4edd-bfea-9fddfbacadbf [2026-09-16T11:59:03.784526] Uploading complete (STDOUT, STG)#
#2026 09 16 11:59:09.496#Z#DEBUG#d27b103a-b1c5-11f1-bf33-eeee0a8e3dbc.RiskManagement-db-deployer#flowable-async-job-executor-thread-1533#
[PollStageAppStatusExecution] c681784e-0734-4edd-bfea-9fddfbacadbf [2026-09-16T11:59:04.299326] Cell d1cc041a-d5a1-41d6-b9f6-6cda736ce3f0 stopping instance 5848dbef-15ba-4088-9c6b-69dc8f584439 (STDOUT, STG)#
#2026 09 16 11:59:09.496#Z#DEBUG#d27b103a-b1c5-11f1-bf33-eeee0a8e3dbc.RiskManagement-db-deployer#flowable-async-job-executor-thread-1533#
[PollStageAppStatusExecution] c681784e-0734-4edd-bfea-9fddfbacadbf [2026-09-16T11:59:04.299391] Cell d1cc041a-d5a1-41d6-b9f6-6cda736ce3f0 destroying container for instance 5848dbef-15ba-4088-9c6b-69dc8f584439 (STDOUT, STG)#
#2026 09 16 11:59:09.496#Z#DEBUG#d27b103a-b1c5-11f1-bf33-eeee0a8e3dbc.RiskManagement-db-deployer#flowable-async-job-executor-thread-1533#
[PollStageAppStatusExecution] c681784e-0734-4edd-bfea-9fddfbacadbf [2026-09-16T11:59:04.364843] Staging complete for build 5848dbef-15ba-4088-9c6b-69dc8f584439 (STDOUT, API)#
#2026 09 16 11:59:09.496#Z#DEBUG#d27b103a-b1c5-11f1-bf33-eeee0a8e3dbc.RiskManagement-db-deployer#flowable-async-job-executor-thread-1533#
[PollStageAppStatusExecution] c681784e-0734-4edd-bfea-9fddfbacadbf [2026-09-16T11:59:08.663144] Cell d1cc041a-d5a1-41d6-b9f6-6cda736ce3f0 successfully destroyed container for instance 5848dbef-15ba-4088-9c6b-69dc8f584439 (STDOUT, STG)#
#2026 09 16 11:59:19.761#Z#DEBUG#d27b103a-b1c5-11f1-bf33-eeee0a8e3dbc.RiskManagement-db-deployer#flowable-async-job-executor-thread-1547#
[PollExecuteTaskStatusExecution] c681784e-0734-4edd-bfea-9fddfbacadbf [2026-09-16T11:58:01.243635] Added process: "web" (STDOUT, API)#
#2026 09 16 11:59:19.761#Z#DEBUG#d27b103a-b1c5-11f1-bf33-eeee0a8e3dbc.RiskManagement-db-deployer#flowable-async-job-executor-thread-1547#
[PollExecuteTaskStatusExecution] c681784e-0734-4edd-bfea-9fddfbacadbf [2026-09-16T11:58:01.254425] Created app with guid c681784e-0734-4edd-bfea-9fddfbacadbf (STDOUT, API)#
#2026 09 16 11:59:19.761#Z#DEBUG#d27b103a-b1c5-11f1-bf33-eeee0a8e3dbc.RiskManagement-db-deployer#flowable-async-job-executor-thread-1547#
[PollExecuteTaskStatusExecution] c681784e-0734-4edd-bfea-9fddfbacadbf [2026-09-16T11:58:01.354222] Updating process: "web" (STDOUT, API)#
#2026 09 16 11:59:19.761#Z#DEBUG#d27b103a-b1c5-11f1-bf33-eeee0a8e3dbc.RiskManagement-db-deployer#flowable-async-job-executor-thread-1547#
[PollExecuteTaskStatusExecution] c681784e-0734-4edd-bfea-9fddfbacadbf [2026-09-16T11:58:01.418565] Scaling process: "web" (STDOUT, API)#
#2026 09 16 11:59:19.761#Z#DEBUG#d27b103a-b1c5-11f1-bf33-eeee0a8e3dbc.RiskManagement-db-deployer#flowable-async-job-executor-thread-1547#
[PollExecuteTaskStatusExecution] c681784e-0734-4edd-bfea-9fddfbacadbf [2026-09-16T11:58:18.844573] Uploading app package for app with guid c681784e-0734-4edd-bfea-9fddfbacadbf (STDOUT, API)#
#2026 09 16 11:59:19.761#Z#DEBUG#d27b103a-b1c5-11f1-bf33-eeee0a8e3dbc.RiskManagement-db-deployer#flowable-async-job-executor-thread-1547#
[PollExecuteTaskStatusExecution] c681784e-0734-4edd-bfea-9fddfbacadbf [2026-09-16T11:58:19.053243] Updated app with guid c681784e-0734-4edd-bfea-9fddfbacadbf ({"environment_variables"=>"[PRIVATE DATA HIDDEN]"}) (STDOUT, API)#
#2026 09 16 11:59:19.761#Z#DEBUG#d27b103a-b1c5-11f1-bf33-eeee0a8e3dbc.RiskManagement-db-deployer#flowable-async-job-executor-thread-1547#
[PollExecuteTaskStatusExecution] c681784e-0734-4edd-bfea-9fddfbacadbf [2026-09-16T11:58:29.109273] Creating build for app with guid c681784e-0734-4edd-bfea-9fddfbacadbf (STDOUT, API)#
#2026 09 16 11:59:19.761#Z#DEBUG#d27b103a-b1c5-11f1-bf33-eeee0a8e3dbc.RiskManagement-db-deployer#flowable-async-job-executor-thread-1547#
[PollExecuteTaskStatusExecution] c681784e-0734-4edd-bfea-9fddfbacadbf [2026-09-16T11:58:29.579369] Downloading nodejs_buildpack... (STDOUT, STG)#
#2026 09 16 11:59:19.761#Z#DEBUG#d27b103a-b1c5-11f1-bf33-eeee0a8e3dbc.RiskManagement-db-deployer#flowable-async-job-executor-thread-1547#
[PollExecuteTaskStatusExecution] c681784e-0734-4edd-bfea-9fddfbacadbf [2026-09-16T11:58:29.616059] Downloaded nodejs_buildpack (STDOUT, STG)#
#2026 09 16 11:59:19.761#Z#DEBUG#d27b103a-b1c5-11f1-bf33-eeee0a8e3dbc.RiskManagement-db-deployer#flowable-async-job-executor-thread-1547#
[PollExecuteTaskStatusExecution] c681784e-0734-4edd-bfea-9fddfbacadbf [2026-09-16T11:58:29.616213] Cell d1cc041a-d5a1-41d6-b9f6-6cda736ce3f0 creating container for instance 5848dbef-15ba-4088-9c6b-69dc8f584439 (STDOUT, STG)#
#2026 09 16 11:59:19.761#Z#DEBUG#d27b103a-b1c5-11f1-bf33-eeee0a8e3dbc.RiskManagement-db-deployer#flowable-async-job-executor-thread-1547#
[PollExecuteTaskStatusExecution] c681784e-0734-4edd-bfea-9fddfbacadbf [2026-09-16T11:58:31.318931] Security group rules were updated (STDOUT, STG)#
#2026 09 16 11:59:19.761#Z#DEBUG#d27b103a-b1c5-11f1-bf33-eeee0a8e3dbc.RiskManagement-db-deployer#flowable-async-job-executor-thread-1547#
[PollExecuteTaskStatusExecution] c681784e-0734-4edd-bfea-9fddfbacadbf [2026-09-16T11:58:31.436779] Cell d1cc041a-d5a1-41d6-b9f6-6cda736ce3f0 successfully created container for instance 5848dbef-15ba-4088-9c6b-69dc8f584439 (STDOUT, STG)#
#2026 09 16 11:59:19.761#Z#DEBUG#d27b103a-b1c5-11f1-bf33-eeee0a8e3dbc.RiskManagement-db-deployer#flowable-async-job-executor-thread-1547#
[PollExecuteTaskStatusExecution] c681784e-0734-4edd-bfea-9fddfbacadbf [2026-09-16T11:58:32.335414] Downloading app package... (STDOUT, STG)#
#2026 09 16 11:59:19.761#Z#DEBUG#d27b103a-b1c5-11f1-bf33-eeee0a8e3dbc.RiskManagement-db-deployer#flowable-async-job-executor-thread-1547#
[PollExecuteTaskStatusExecution] c681784e-0734-4edd-bfea-9fddfbacadbf [2026-09-16T11:58:32.706004] Downloaded app package (2.3M) (STDOUT, STG)#
#2026 09 16 11:59:19.761#Z#DEBUG#d27b103a-b1c5-11f1-bf33-eeee0a8e3dbc.RiskManagement-db-deployer#flowable-async-job-executor-thread-1547#
[PollExecuteTaskStatusExecution] c681784e-0734-4edd-bfea-9fddfbacadbf [2026-09-16T11:58:32.901833] -----> Nodejs Buildpack version 1.9.3 (STDOUT, STG)#
#2026 09 16 11:59:19.761#Z#DEBUG#d27b103a-b1c5-11f1-bf33-eeee0a8e3dbc.RiskManagement-db-deployer#flowable-async-job-executor-thread-1547#
[PollExecuteTaskStatusExecution] c681784e-0734-4edd-bfea-9fddfbacadbf [2026-09-16T11:58:33.170713] -----> Bootstrapping python (STDOUT, STG)#
#2026 09 16 11:59:19.761#Z#DEBUG#d27b103a-b1c5-11f1-bf33-eeee0a8e3dbc.RiskManagement-db-deployer#flowable-async-job-executor-thread-1547#
[PollExecuteTaskStatusExecution] c681784e-0734-4edd-bfea-9fddfbacadbf [2026-09-16T11:58:33.170856] -----> Installing python 3.13.14 (STDOUT, STG)#
#2026 09 16 11:59:19.761#Z#DEBUG#d27b103a-b1c5-11f1-bf33-eeee0a8e3dbc.RiskManagement-db-deployer#flowable-async-job-executor-thread-1547#
[PollExecuteTaskStatusExecution] c681784e-0734-4edd-bfea-9fddfbacadbf [2026-09-16T11:58:33.170934] Copy [/tmp/buildpacks/336fb825d4d72bff/dependencies/4b4266a2ff36730aef37b88b668ca327/python_3.13.14_linux_x64_cflinuxfs4_b80d4954.tgz] (STDOUT, STG)#
#2026 09 16 11:59:19.761#Z#DEBUG#d27b103a-b1c5-11f1-bf33-eeee0a8e3dbc.RiskManagement-db-deployer#flowable-async-job-executor-thread-1547#
[PollExecuteTaskStatusExecution] c681784e-0734-4edd-bfea-9fddfbacadbf [2026-09-16T11:58:39.618185] -----> Installing binaries (STDOUT, STG)#
#2026 09 16 11:59:19.761#Z#DEBUG#d27b103a-b1c5-11f1-bf33-eeee0a8e3dbc.RiskManagement-db-deployer#flowable-async-job-executor-thread-1547#
[PollExecuteTaskStatusExecution] c681784e-0734-4edd-bfea-9fddfbacadbf [2026-09-16T11:58:39.618328] engines.node (package.json): ^24 (STDOUT, STG)#
#2026 09 16 11:59:19.761#Z#DEBUG#d27b103a-b1c5-11f1-bf33-eeee0a8e3dbc.RiskManagement-db-deployer#flowable-async-job-executor-thread-1547#
[PollExecuteTaskStatusExecution] c681784e-0734-4edd-bfea-9fddfbacadbf [2026-09-16T11:58:39.618353] engines.npm (package.json): unspecified (use default) (STDOUT, STG)#
#2026 09 16 11:59:19.761#Z#DEBUG#d27b103a-b1c5-11f1-bf33-eeee0a8e3dbc.RiskManagement-db-deployer#flowable-async-job-executor-thread-1547#
[PollExecuteTaskStatusExecution] c681784e-0734-4edd-bfea-9fddfbacadbf [2026-09-16T11:58:39.618585] -----> Installing node 24.18.0 (STDOUT, STG)#
#2026 09 16 11:59:19.761#Z#DEBUG#d27b103a-b1c5-11f1-bf33-eeee0a8e3dbc.RiskManagement-db-deployer#flowable-async-job-executor-thread-1547#
[PollExecuteTaskStatusExecution] c681784e-0734-4edd-bfea-9fddfbacadbf [2026-09-16T11:58:39.618947] Copy [/tmp/buildpacks/336fb825d4d72bff/dependencies/dffbbb835fcd073c4544f78eb6247fac/node_24.18.0_linux_x64_cflinuxfs4_cdfed650.tgz] (STDOUT, STG)#
#2026 09 16 11:59:19.761#Z#DEBUG#d27b103a-b1c5-11f1-bf33-eeee0a8e3dbc.RiskManagement-db-deployer#flowable-async-job-executor-thread-1547#
[PollExecuteTaskStatusExecution] c681784e-0734-4edd-bfea-9fddfbacadbf [2026-09-16T11:58:43.386146] Using default npm version: 11.16.0 (STDOUT, STG)#
#2026 09 16 11:59:19.761#Z#DEBUG#d27b103a-b1c5-11f1-bf33-eeee0a8e3dbc.RiskManagement-db-deployer#flowable-async-job-executor-thread-1547#
[PollExecuteTaskStatusExecution] c681784e-0734-4edd-bfea-9fddfbacadbf [2026-09-16T11:58:43.386198] -----> Installing yarn 1.22.22 (STDOUT, STG)#
#2026 09 16 11:59:19.761#Z#DEBUG#d27b103a-b1c5-11f1-bf33-eeee0a8e3dbc.RiskManagement-db-deployer#flowable-async-job-executor-thread-1547#
[PollExecuteTaskStatusExecution] c681784e-0734-4edd-bfea-9fddfbacadbf [2026-09-16T11:58:43.386590] Copy [/tmp/buildpacks/336fb825d4d72bff/dependencies/e4fe26756e9984a665478d350474fa2e/yarn_1.22.22_linux_noarch_any-stack_b6132b86.tgz] (STDOUT, STG)#
#2026 09 16 11:59:19.761#Z#DEBUG#d27b103a-b1c5-11f1-bf33-eeee0a8e3dbc.RiskManagement-db-deployer#flowable-async-job-executor-thread-1547#
[PollExecuteTaskStatusExecution] c681784e-0734-4edd-bfea-9fddfbacadbf [2026-09-16T11:58:43.999532] Installed yarn 1.22.22 (STDOUT, STG)#
#2026 09 16 11:59:19.761#Z#DEBUG#d27b103a-b1c5-11f1-bf33-eeee0a8e3dbc.RiskManagement-db-deployer#flowable-async-job-executor-thread-1547#
[PollExecuteTaskStatusExecution] c681784e-0734-4edd-bfea-9fddfbacadbf [2026-09-16T11:58:43.999593] -----> Creating runtime environment (STDOUT, STG)#
#2026 09 16 11:59:19.761#Z#DEBUG#d27b103a-b1c5-11f1-bf33-eeee0a8e3dbc.RiskManagement-db-deployer#flowable-async-job-executor-thread-1547#
[PollExecuteTaskStatusExecution] c681784e-0734-4edd-bfea-9fddfbacadbf [2026-09-16T11:58:44.002761] NODE_ENV=production (STDOUT, STG)#
#2026 09 16 11:59:19.761#Z#DEBUG#d27b103a-b1c5-11f1-bf33-eeee0a8e3dbc.RiskManagement-db-deployer#flowable-async-job-executor-thread-1547#
[PollExecuteTaskStatusExecution] c681784e-0734-4edd-bfea-9fddfbacadbf [2026-09-16T11:58:44.002801] NODE_HOME=/tmp/contents3788628163/deps/0/node (STDOUT, STG)#
#2026 09 16 11:59:19.761#Z#DEBUG#d27b103a-b1c5-11f1-bf33-eeee0a8e3dbc.RiskManagement-db-deployer#flowable-async-job-executor-thread-1547#
[PollExecuteTaskStatusExecution] c681784e-0734-4edd-bfea-9fddfbacadbf [2026-09-16T11:58:44.002881] NODE_MODULES_CACHE=true (STDOUT, STG)#
#2026 09 16 11:59:19.761#Z#DEBUG#d27b103a-b1c5-11f1-bf33-eeee0a8e3dbc.RiskManagement-db-deployer#flowable-async-job-executor-thread-1547#
[PollExecuteTaskStatusExecution] c681784e-0734-4edd-bfea-9fddfbacadbf [2026-09-16T11:58:44.002907] NODE_VERBOSE=false (STDOUT, STG)#
#2026 09 16 11:59:19.761#Z#DEBUG#d27b103a-b1c5-11f1-bf33-eeee0a8e3dbc.RiskManagement-db-deployer#flowable-async-job-executor-thread-1547#
[PollExecuteTaskStatusExecution] c681784e-0734-4edd-bfea-9fddfbacadbf [2026-09-16T11:58:44.002911] NPM_CONFIG_LOGLEVEL=error (STDOUT, STG)#
#2026 09 16 11:59:19.761#Z#DEBUG#d27b103a-b1c5-11f1-bf33-eeee0a8e3dbc.RiskManagement-db-deployer#flowable-async-job-executor-thread-1547#
[PollExecuteTaskStatusExecution] c681784e-0734-4edd-bfea-9fddfbacadbf [2026-09-16T11:58:44.002917] NPM_CONFIG_PRODUCTION=true (STDOUT, STG)#
#2026 09 16 11:59:19.761#Z#DEBUG#d27b103a-b1c5-11f1-bf33-eeee0a8e3dbc.RiskManagement-db-deployer#flowable-async-job-executor-thread-1547#
[PollExecuteTaskStatusExecution] c681784e-0734-4edd-bfea-9fddfbacadbf [2026-09-16T11:58:44.003034] -----> Building dependencies (STDOUT, STG)#
#2026 09 16 11:59:19.761#Z#DEBUG#d27b103a-b1c5-11f1-bf33-eeee0a8e3dbc.RiskManagement-db-deployer#flowable-async-job-executor-thread-1547#
[PollExecuteTaskStatusExecution] c681784e-0734-4edd-bfea-9fddfbacadbf [2026-09-16T11:58:44.003157] Prebuild detected (node_modules already exists) (STDOUT, STG)#
#2026 09 16 11:59:19.761#Z#DEBUG#d27b103a-b1c5-11f1-bf33-eeee0a8e3dbc.RiskManagement-db-deployer#flowable-async-job-executor-thread-1547#
[PollExecuteTaskStatusExecution] c681784e-0734-4edd-bfea-9fddfbacadbf [2026-09-16T11:58:44.003267] Rebuilding any native modules (STDOUT, STG)#
#2026 09 16 11:59:19.761#Z#DEBUG#d27b103a-b1c5-11f1-bf33-eeee0a8e3dbc.RiskManagement-db-deployer#flowable-async-job-executor-thread-1547#
[PollExecuteTaskStatusExecution] c681784e-0734-4edd-bfea-9fddfbacadbf [2026-09-16T11:58:44.908665] rebuilt dependencies successfully (STDOUT, STG)#
#2026 09 16 11:59:19.761#Z#DEBUG#d27b103a-b1c5-11f1-bf33-eeee0a8e3dbc.RiskManagement-db-deployer#flowable-async-job-executor-thread-1547#
[PollExecuteTaskStatusExecution] c681784e-0734-4edd-bfea-9fddfbacadbf [2026-09-16T11:58:44.996267] Installing any new modules (package.json + package-lock.json) (STDOUT, STG)#
#2026 09 16 11:59:19.761#Z#DEBUG#d27b103a-b1c5-11f1-bf33-eeee0a8e3dbc.RiskManagement-db-deployer#flowable-async-job-executor-thread-1547#
[PollExecuteTaskStatusExecution] c681784e-0734-4edd-bfea-9fddfbacadbf [2026-09-16T11:58:45.786869] up to date in 656ms (STDOUT, STG)#
#2026 09 16 11:59:19.761#Z#DEBUG#d27b103a-b1c5-11f1-bf33-eeee0a8e3dbc.RiskManagement-db-deployer#flowable-async-job-executor-thread-1547#
[PollExecuteTaskStatusExecution] c681784e-0734-4edd-bfea-9fddfbacadbf [2026-09-16T11:58:45.787068] 4 packages are looking for funding (STDOUT, STG)#
#2026 09 16 11:59:19.761#Z#DEBUG#d27b103a-b1c5-11f1-bf33-eeee0a8e3dbc.RiskManagement-db-deployer#flowable-async-job-executor-thread-1547#
[PollExecuteTaskStatusExecution] c681784e-0734-4edd-bfea-9fddfbacadbf [2026-09-16T11:58:45.787140] run `npm fund` for details (STDOUT, STG)#
#2026 09 16 11:59:19.761#Z#DEBUG#d27b103a-b1c5-11f1-bf33-eeee0a8e3dbc.RiskManagement-db-deployer#flowable-async-job-executor-thread-1547#
[PollExecuteTaskStatusExecution] c681784e-0734-4edd-bfea-9fddfbacadbf [2026-09-16T11:58:46.709905] Contrast Security no credentials found. Will not write environment files. (STDOUT, STG)#
#2026 09 16 11:59:19.761#Z#DEBUG#d27b103a-b1c5-11f1-bf33-eeee0a8e3dbc.RiskManagement-db-deployer#flowable-async-job-executor-thread-1547#
[PollExecuteTaskStatusExecution] c681784e-0734-4edd-bfea-9fddfbacadbf [2026-09-16T11:58:57.843719] Exit status 0 (STDOUT, STG)#
#2026 09 16 11:59:19.761#Z#DEBUG#d27b103a-b1c5-11f1-bf33-eeee0a8e3dbc.RiskManagement-db-deployer#flowable-async-job-executor-thread-1547#
[PollExecuteTaskStatusExecution] c681784e-0734-4edd-bfea-9fddfbacadbf [2026-09-16T11:58:57.843789] Uploading droplet, build artifacts cache... (STDOUT, STG)#
#2026 09 16 11:59:19.761#Z#DEBUG#d27b103a-b1c5-11f1-bf33-eeee0a8e3dbc.RiskManagement-db-deployer#flowable-async-job-executor-thread-1547#
[PollExecuteTaskStatusExecution] c681784e-0734-4edd-bfea-9fddfbacadbf [2026-09-16T11:58:57.843845] Uploading build artifacts cache... (STDOUT, STG)#
#2026 09 16 11:59:19.761#Z#DEBUG#d27b103a-b1c5-11f1-bf33-eeee0a8e3dbc.RiskManagement-db-deployer#flowable-async-job-executor-thread-1547#
[PollExecuteTaskStatusExecution] c681784e-0734-4edd-bfea-9fddfbacadbf [2026-09-16T11:58:57.843971] Uploading droplet... (STDOUT, STG)#
#2026 09 16 11:59:19.761#Z#DEBUG#d27b103a-b1c5-11f1-bf33-eeee0a8e3dbc.RiskManagement-db-deployer#flowable-async-job-executor-thread-1547#
[PollExecuteTaskStatusExecution] c681784e-0734-4edd-bfea-9fddfbacadbf [2026-09-16T11:58:57.873233] Uploaded build artifacts cache (215B) (STDOUT, STG)#
#2026 09 16 11:59:19.761#Z#DEBUG#d27b103a-b1c5-11f1-bf33-eeee0a8e3dbc.RiskManagement-db-deployer#flowable-async-job-executor-thread-1547#
[PollExecuteTaskStatusExecution] c681784e-0734-4edd-bfea-9fddfbacadbf [2026-09-16T11:58:58.683691] Creating droplet for app with guid c681784e-0734-4edd-bfea-9fddfbacadbf (STDOUT, API)#
#2026 09 16 11:59:19.761#Z#DEBUG#d27b103a-b1c5-11f1-bf33-eeee0a8e3dbc.RiskManagement-db-deployer#flowable-async-job-executor-thread-1547#
[PollExecuteTaskStatusExecution] c681784e-0734-4edd-bfea-9fddfbacadbf [2026-09-16T11:59:03.753080] Uploaded droplet (59.2M) (STDOUT, STG)#
#2026 09 16 11:59:19.761#Z#DEBUG#d27b103a-b1c5-11f1-bf33-eeee0a8e3dbc.RiskManagement-db-deployer#flowable-async-job-executor-thread-1547#
[PollExecuteTaskStatusExecution] c681784e-0734-4edd-bfea-9fddfbacadbf [2026-09-16T11:59:03.784526] Uploading complete (STDOUT, STG)#
#2026 09 16 11:59:19.761#Z#DEBUG#d27b103a-b1c5-11f1-bf33-eeee0a8e3dbc.RiskManagement-db-deployer#flowable-async-job-executor-thread-1547#
[PollExecuteTaskStatusExecution] c681784e-0734-4edd-bfea-9fddfbacadbf [2026-09-16T11:59:04.299326] Cell d1cc041a-d5a1-41d6-b9f6-6cda736ce3f0 stopping instance 5848dbef-15ba-4088-9c6b-69dc8f584439 (STDOUT, STG)#
#2026 09 16 11:59:19.761#Z#DEBUG#d27b103a-b1c5-11f1-bf33-eeee0a8e3dbc.RiskManagement-db-deployer#flowable-async-job-executor-thread-1547#
[PollExecuteTaskStatusExecution] c681784e-0734-4edd-bfea-9fddfbacadbf [2026-09-16T11:59:04.299391] Cell d1cc041a-d5a1-41d6-b9f6-6cda736ce3f0 destroying container for instance 5848dbef-15ba-4088-9c6b-69dc8f584439 (STDOUT, STG)#
#2026 09 16 11:59:19.761#Z#DEBUG#d27b103a-b1c5-11f1-bf33-eeee0a8e3dbc.RiskManagement-db-deployer#flowable-async-job-executor-thread-1547#
[PollExecuteTaskStatusExecution] c681784e-0734-4edd-bfea-9fddfbacadbf [2026-09-16T11:59:04.364843] Staging complete for build 5848dbef-15ba-4088-9c6b-69dc8f584439 (STDOUT, API)#
#2026 09 16 11:59:19.761#Z#DEBUG#d27b103a-b1c5-11f1-bf33-eeee0a8e3dbc.RiskManagement-db-deployer#flowable-async-job-executor-thread-1547#
[PollExecuteTaskStatusExecution] c681784e-0734-4edd-bfea-9fddfbacadbf [2026-09-16T11:59:08.663144] Cell d1cc041a-d5a1-41d6-b9f6-6cda736ce3f0 successfully destroyed container for instance 5848dbef-15ba-4088-9c6b-69dc8f584439 (STDOUT, STG)#
#2026 09 16 11:59:19.761#Z#DEBUG#d27b103a-b1c5-11f1-bf33-eeee0a8e3dbc.RiskManagement-db-deployer#flowable-async-job-executor-thread-1547#
[PollExecuteTaskStatusExecution] c681784e-0734-4edd-bfea-9fddfbacadbf [2026-09-16T11:59:09.562935] Updated app with guid c681784e-0734-4edd-bfea-9fddfbacadbf ({:droplet_guid=>"d00780e0-c982-46dd-b9b5-cb9557cece74"}) (STDOUT, API)#
#2026 09 16 11:59:19.761#Z#DEBUG#d27b103a-b1c5-11f1-bf33-eeee0a8e3dbc.RiskManagement-db-deployer#flowable-async-job-executor-thread-1547#
[PollExecuteTaskStatusExecution] c681784e-0734-4edd-bfea-9fddfbacadbf [2026-09-16T11:59:10.197827] Cell 684caff8-89cd-492b-be01-b3d0835f1763 creating container for instance 3ab8fe5f-21b6-42b8-b0a8-eb311ea835da (STDOUT, CELL)#
#2026 09 16 11:59:19.761#Z#DEBUG#d27b103a-b1c5-11f1-bf33-eeee0a8e3dbc.RiskManagement-db-deployer#flowable-async-job-executor-thread-1547#
[PollExecuteTaskStatusExecution] c681784e-0734-4edd-bfea-9fddfbacadbf [2026-09-16T11:59:11.016564] Security group rules were updated (STDOUT, CELL)#
#2026 09 16 11:59:19.761#Z#DEBUG#d27b103a-b1c5-11f1-bf33-eeee0a8e3dbc.RiskManagement-db-deployer#flowable-async-job-executor-thread-1547#
[PollExecuteTaskStatusExecution] c681784e-0734-4edd-bfea-9fddfbacadbf [2026-09-16T11:59:11.102286] Cell 684caff8-89cd-492b-be01-b3d0835f1763 successfully created container for instance 3ab8fe5f-21b6-42b8-b0a8-eb311ea835da (STDOUT, CELL)#
#2026 09 16 11:59:19.761#Z#DEBUG#d27b103a-b1c5-11f1-bf33-eeee0a8e3dbc.RiskManagement-db-deployer#flowable-async-job-executor-thread-1547#
[PollExecuteTaskStatusExecution] c681784e-0734-4edd-bfea-9fddfbacadbf [2026-09-16T11:59:14.972144] Invoking pre-start scripts. (STDOUT, APP/TASK/deploy)#
#2026 09 16 11:59:19.761#Z#DEBUG#d27b103a-b1c5-11f1-bf33-eeee0a8e3dbc.RiskManagement-db-deployer#flowable-async-job-executor-thread-1547#
[PollExecuteTaskStatusExecution] c681784e-0734-4edd-bfea-9fddfbacadbf [2026-09-16T11:59:15.201979] Invoking start command. (STDOUT, APP/TASK/deploy)#
#2026 09 16 11:59:19.761#Z#DEBUG#d27b103a-b1c5-11f1-bf33-eeee0a8e3dbc.RiskManagement-db-deployer#flowable-async-job-executor-thread-1547#
[PollExecuteTaskStatusExecution] c681784e-0734-4edd-bfea-9fddfbacadbf [2026-09-16T11:59:15.743108] > start (STDOUT, APP/TASK/deploy)#
#2026 09 16 11:59:19.761#Z#DEBUG#d27b103a-b1c5-11f1-bf33-eeee0a8e3dbc.RiskManagement-db-deployer#flowable-async-job-executor-thread-1547#
[PollExecuteTaskStatusExecution] c681784e-0734-4edd-bfea-9fddfbacadbf [2026-09-16T11:59:15.743144] > node node_modules/@sap/hdi-deploy/deploy.js --use-hdb --parameter com.sap.hana.di.table/try_fast_table_migration=true (STDOUT, APP/TASK/deploy)#
#2026 09 16 11:59:19.761#Z#DEBUG#d27b103a-b1c5-11f1-bf33-eeee0a8e3dbc.RiskManagement-db-deployer#flowable-async-job-executor-thread-1547#
[PollExecuteTaskStatusExecution] c681784e-0734-4edd-bfea-9fddfbacadbf [2026-09-16T11:59:15.958355] VCAP_SERVICES: (STDOUT, APP/TASK/deploy)#
#2026 09 16 11:59:19.761#Z#DEBUG#d27b103a-b1c5-11f1-bf33-eeee0a8e3dbc.RiskManagement-db-deployer#flowable-async-job-executor-thread-1547#
[PollExecuteTaskStatusExecution] c681784e-0734-4edd-bfea-9fddfbacadbf [2026-09-16T11:59:15.959321] { (STDOUT, APP/TASK/deploy)#
#2026 09 16 11:59:19.761#Z#DEBUG#d27b103a-b1c5-11f1-bf33-eeee0a8e3dbc.RiskManagement-db-deployer#flowable-async-job-executor-thread-1547#
[PollExecuteTaskStatusExecution] c681784e-0734-4edd-bfea-9fddfbacadbf [2026-09-16T11:59:15.959354] "hana": [ (STDOUT, APP/TASK/deploy)#
#2026 09 16 11:59:19.761#Z#DEBUG#d27b103a-b1c5-11f1-bf33-eeee0a8e3dbc.RiskManagement-db-deployer#flowable-async-job-executor-thread-1547#
[PollExecuteTaskStatusExecution] c681784e-0734-4edd-bfea-9fddfbacadbf [2026-09-16T11:59:15.959362] { (STDOUT, APP/TASK/deploy)#
#2026 09 16 11:59:19.761#Z#DEBUG#d27b103a-b1c5-11f1-bf33-eeee0a8e3dbc.RiskManagement-db-deployer#flowable-async-job-executor-thread-1547#
[PollExecuteTaskStatusExecution] c681784e-0734-4edd-bfea-9fddfbacadbf [2026-09-16T11:59:15.959366] "name": "RiskManagement-db", (STDOUT, APP/TASK/deploy)#
#2026 09 16 11:59:19.761#Z#DEBUG#d27b103a-b1c5-11f1-bf33-eeee0a8e3dbc.RiskManagement-db-deployer#flowable-async-job-executor-thread-1547#
[PollExecuteTaskStatusExecution] c681784e-0734-4edd-bfea-9fddfbacadbf [2026-09-16T11:59:15.959369] "label": "hana", (STDOUT, APP/TASK/deploy)#
#2026 09 16 11:59:19.761#Z#DEBUG#d27b103a-b1c5-11f1-bf33-eeee0a8e3dbc.RiskManagement-db-deployer#flowable-async-job-executor-thread-1547#
[PollExecuteTaskStatusExecution] c681784e-0734-4edd-bfea-9fddfbacadbf [2026-09-16T11:59:15.959373] "plan": "hdi-shared", (STDOUT, APP/TASK/deploy)#
#2026 09 16 11:59:19.761#Z#DEBUG#d27b103a-b1c5-11f1-bf33-eeee0a8e3dbc.RiskManagement-db-deployer#flowable-async-job-executor-thread-1547#
[PollExecuteTaskStatusExecution] c681784e-0734-4edd-bfea-9fddfbacadbf [2026-09-16T11:59:15.959380] "credentials": { (STDOUT, APP/TASK/deploy)#
#2026 09 16 11:59:19.761#Z#DEBUG#d27b103a-b1c5-11f1-bf33-eeee0a8e3dbc.RiskManagement-db-deployer#flowable-async-job-executor-thread-1547#
[PollExecuteTaskStatusExecution] c681784e-0734-4edd-bfea-9fddfbacadbf [2026-09-16T11:59:15.959388] "schema": "1D2FD6BD9AE248389E2C5DD7F64681C6", (STDOUT, APP/TASK/deploy)#
#2026 09 16 11:59:19.761#Z#DEBUG#d27b103a-b1c5-11f1-bf33-eeee0a8e3dbc.RiskManagement-db-deployer#flowable-async-job-executor-thread-1547#
[PollExecuteTaskStatusExecution] c681784e-0734-4edd-bfea-9fddfbacadbf [2026-09-16T11:59:15.959394] "database_id": "69bcbe67-03bc-4478-9fd0-d9ad2b0779fc", (STDOUT, APP/TASK/deploy)#
#2026 09 16 11:59:19.761#Z#DEBUG#d27b103a-b1c5-11f1-bf33-eeee0a8e3dbc.RiskManagement-db-deployer#flowable-async-job-executor-thread-1547#
[PollExecuteTaskStatusExecution] c681784e-0734-4edd-bfea-9fddfbacadbf [2026-09-16T11:59:15.959399] "user": "1D2FD6BD9AE248389E2C5DD7F64681C6_D2HD1291T1UP30E4JH8DKCWLJ_RT", (STDOUT, APP/TASK/deploy)#
#2026 09 16 11:59:19.761#Z#DEBUG#d27b103a-b1c5-11f1-bf33-eeee0a8e3dbc.RiskManagement-db-deployer#flowable-async-job-executor-thread-1547#
[PollExecuteTaskStatusExecution] c681784e-0734-4edd-bfea-9fddfbacadbf [2026-09-16T11:59:15.959402] "hdi_user": "1D2FD6BD9AE248389E2C5DD7F64681C6_D2HD1291T1UP30E4JH8DKCWLJ_DT" (STDOUT, APP/TASK/deploy)#
#2026 09 16 11:59:19.761#Z#DEBUG#d27b103a-b1c5-11f1-bf33-eeee0a8e3dbc.RiskManagement-db-deployer#flowable-async-job-executor-thread-1547#
[PollExecuteTaskStatusExecution] c681784e-0734-4edd-bfea-9fddfbacadbf [2026-09-16T11:59:15.959405] }, (STDOUT, APP/TASK/deploy)#
#2026 09 16 11:59:19.761#Z#DEBUG#d27b103a-b1c5-11f1-bf33-eeee0a8e3dbc.RiskManagement-db-deployer#flowable-async-job-executor-thread-1547#
[PollExecuteTaskStatusExecution] c681784e-0734-4edd-bfea-9fddfbacadbf [2026-09-16T11:59:15.959407] "tags": [ (STDOUT, APP/TASK/deploy)#
#2026 09 16 11:59:19.761#Z#DEBUG#d27b103a-b1c5-11f1-bf33-eeee0a8e3dbc.RiskManagement-db-deployer#flowable-async-job-executor-thread-1547#
[PollExecuteTaskStatusExecution] c681784e-0734-4edd-bfea-9fddfbacadbf [2026-09-16T11:59:15.959410] "hana", (STDOUT, APP/TASK/deploy)#
#2026 09 16 11:59:19.761#Z#DEBUG#d27b103a-b1c5-11f1-bf33-eeee0a8e3dbc.RiskManagement-db-deployer#flowable-async-job-executor-thread-1547#
[PollExecuteTaskStatusExecution] c681784e-0734-4edd-bfea-9fddfbacadbf [2026-09-16T11:59:15.959412] "database", (STDOUT, APP/TASK/deploy)#
#2026 09 16 11:59:19.761#Z#DEBUG#d27b103a-b1c5-11f1-bf33-eeee0a8e3dbc.RiskManagement-db-deployer#flowable-async-job-executor-thread-1547#
[PollExecuteTaskStatusExecution] c681784e-0734-4edd-bfea-9fddfbacadbf [2026-09-16T11:59:15.959414] "relational" (STDOUT, APP/TASK/deploy)#
#2026 09 16 11:59:19.761#Z#DEBUG#d27b103a-b1c5-11f1-bf33-eeee0a8e3dbc.RiskManagement-db-deployer#flowable-async-job-executor-thread-1547#
[PollExecuteTaskStatusExecution] c681784e-0734-4edd-bfea-9fddfbacadbf [2026-09-16T11:59:15.959416] ] (STDOUT, APP/TASK/deploy)#
#2026 09 16 11:59:19.761#Z#DEBUG#d27b103a-b1c5-11f1-bf33-eeee0a8e3dbc.RiskManagement-db-deployer#flowable-async-job-executor-thread-1547#
[PollExecuteTaskStatusExecution] c681784e-0734-4edd-bfea-9fddfbacadbf [2026-09-16T11:59:15.959419] } (STDOUT, APP/TASK/deploy)#
#2026 09 16 11:59:19.761#Z#DEBUG#d27b103a-b1c5-11f1-bf33-eeee0a8e3dbc.RiskManagement-db-deployer#flowable-async-job-executor-thread-1547#
[PollExecuteTaskStatusExecution] c681784e-0734-4edd-bfea-9fddfbacadbf [2026-09-16T11:59:15.959421] ] (STDOUT, APP/TASK/deploy)#
#2026 09 16 11:59:19.761#Z#DEBUG#d27b103a-b1c5-11f1-bf33-eeee0a8e3dbc.RiskManagement-db-deployer#flowable-async-job-executor-thread-1547#
[PollExecuteTaskStatusExecution] c681784e-0734-4edd-bfea-9fddfbacadbf [2026-09-16T11:59:15.959423] } (STDOUT, APP/TASK/deploy)#
#2026 09 16 11:59:19.761#Z#DEBUG#d27b103a-b1c5-11f1-bf33-eeee0a8e3dbc.RiskManagement-db-deployer#flowable-async-job-executor-thread-1547#
[PollExecuteTaskStatusExecution] c681784e-0734-4edd-bfea-9fddfbacadbf [2026-09-16T11:59:16.543028] @sap/hdi-deploy, version 5.7.0 (mode default), server version 4.00.000.00.1788250082 (4.0.0.0), cloud version 2026.14.18, node version 24.18.0, HDI version 1016, container API version 1007 (STDOUT, APP/TASK/deploy)#
#2026 09 16 11:59:19.761#Z#DEBUG#d27b103a-b1c5-11f1-bf33-eeee0a8e3dbc.RiskManagement-db-deployer#flowable-async-job-executor-thread-1547#
[PollExecuteTaskStatusExecution] c681784e-0734-4edd-bfea-9fddfbacadbf [2026-09-16T11:59:16.543064] Deployment started at 2026-09-16 11:59:16 (STDOUT, APP/TASK/deploy)#
#2026 09 16 11:59:19.761#Z#DEBUG#d27b103a-b1c5-11f1-bf33-eeee0a8e3dbc.RiskManagement-db-deployer#flowable-async-job-executor-thread-1547#
[PollExecuteTaskStatusExecution] c681784e-0734-4edd-bfea-9fddfbacadbf [2026-09-16T11:59:16.543594] Using hdb@2.29.6 for connection (STDOUT, APP/TASK/deploy)#
#2026 09 16 11:59:19.761#Z#DEBUG#d27b103a-b1c5-11f1-bf33-eeee0a8e3dbc.RiskManagement-db-deployer#flowable-async-job-executor-thread-1547#
[PollExecuteTaskStatusExecution] c681784e-0734-4edd-bfea-9fddfbacadbf [2026-09-16T11:59:16.568499] No ignore file at /home/vcap/app/.hdiignore. (STDOUT, APP/TASK/deploy)#
#2026 09 16 11:59:19.761#Z#DEBUG#d27b103a-b1c5-11f1-bf33-eeee0a8e3dbc.RiskManagement-db-deployer#flowable-async-job-executor-thread-1547#
[PollExecuteTaskStatusExecution] c681784e-0734-4edd-bfea-9fddfbacadbf [2026-09-16T11:59:16.569136] Collecting files... (STDOUT, APP/TASK/deploy)#
#2026 09 16 11:59:19.761#Z#DEBUG#d27b103a-b1c5-11f1-bf33-eeee0a8e3dbc.RiskManagement-db-deployer#flowable-async-job-executor-thread-1547#
[PollExecuteTaskStatusExecution] c681784e-0734-4edd-bfea-9fddfbacadbf [2026-09-16T11:59:16.574980] Collecting files... ok (0s 6ms) (STDOUT, APP/TASK/deploy)#
#2026 09 16 11:59:19.761#Z#DEBUG#d27b103a-b1c5-11f1-bf33-eeee0a8e3dbc.RiskManagement-db-deployer#flowable-async-job-executor-thread-1547#
[PollExecuteTaskStatusExecution] c681784e-0734-4edd-bfea-9fddfbacadbf [2026-09-16T11:59:16.575104] 2 directories collected (STDOUT, APP/TASK/deploy)#
#2026 09 16 11:59:19.761#Z#DEBUG#d27b103a-b1c5-11f1-bf33-eeee0a8e3dbc.RiskManagement-db-deployer#flowable-async-job-executor-thread-1547#
[PollExecuteTaskStatusExecution] c681784e-0734-4edd-bfea-9fddfbacadbf [2026-09-16T11:59:16.575354] 11 files collected (STDOUT, APP/TASK/deploy)#
#2026 09 16 11:59:19.761#Z#DEBUG#d27b103a-b1c5-11f1-bf33-eeee0a8e3dbc.RiskManagement-db-deployer#flowable-async-job-executor-thread-1547#
[PollExecuteTaskStatusExecution] c681784e-0734-4edd-bfea-9fddfbacadbf [2026-09-16T11:59:16.575463] 0 reusable modules collected (STDOUT, APP/TASK/deploy)#
#2026 09 16 11:59:19.761#Z#DEBUG#d27b103a-b1c5-11f1-bf33-eeee0a8e3dbc.RiskManagement-db-deployer#flowable-async-job-executor-thread-1547#
[PollExecuteTaskStatusExecution] c681784e-0734-4edd-bfea-9fddfbacadbf [2026-09-16T11:59:16.575577] Target service: RiskManagement-db (STDOUT, APP/TASK/deploy)#
#2026 09 16 11:59:19.761#Z#DEBUG#d27b103a-b1c5-11f1-bf33-eeee0a8e3dbc.RiskManagement-db-deployer#flowable-async-job-executor-thread-1547#
[PollExecuteTaskStatusExecution] c681784e-0734-4edd-bfea-9fddfbacadbf [2026-09-16T11:59:16.827449] Could not determine status of last build: Could not find any information about the previous deployment. (STDOUT, APP/TASK/deploy)#
#2026 09 16 11:59:19.761#Z#DEBUG#d27b103a-b1c5-11f1-bf33-eeee0a8e3dbc.RiskManagement-db-deployer#flowable-async-job-executor-thread-1547#
[PollExecuteTaskStatusExecution] c681784e-0734-4edd-bfea-9fddfbacadbf [2026-09-16T11:59:16.827580] Processing revoke files... (STDOUT, APP/TASK/deploy)#
#2026 09 16 11:59:19.761#Z#DEBUG#d27b103a-b1c5-11f1-bf33-eeee0a8e3dbc.RiskManagement-db-deployer#flowable-async-job-executor-thread-1547#
[PollExecuteTaskStatusExecution] c681784e-0734-4edd-bfea-9fddfbacadbf [2026-09-16T11:59:16.827738] Processing revoke files... ok (0s 0ms) (STDOUT, APP/TASK/deploy)#
#2026 09 16 11:59:19.761#Z#DEBUG#d27b103a-b1c5-11f1-bf33-eeee0a8e3dbc.RiskManagement-db-deployer#flowable-async-job-executor-thread-1547#
[PollExecuteTaskStatusExecution] c681784e-0734-4edd-bfea-9fddfbacadbf [2026-09-16T11:59:16.827882] Processing grants files... (STDOUT, APP/TASK/deploy)#
#2026 09 16 11:59:19.761#Z#DEBUG#d27b103a-b1c5-11f1-bf33-eeee0a8e3dbc.RiskManagement-db-deployer#flowable-async-job-executor-thread-1547#
[PollExecuteTaskStatusExecution] c681784e-0734-4edd-bfea-9fddfbacadbf [2026-09-16T11:59:16.828007] Processing grants files... ok (0s 0ms) (STDOUT, APP/TASK/deploy)#
#2026 09 16 11:59:19.761#Z#DEBUG#d27b103a-b1c5-11f1-bf33-eeee0a8e3dbc.RiskManagement-db-deployer#flowable-async-job-executor-thread-1547#
[PollExecuteTaskStatusExecution] c681784e-0734-4edd-bfea-9fddfbacadbf [2026-09-16T11:59:16.831848] Preprocessing files... (STDOUT, APP/TASK/deploy)#
#2026 09 16 11:59:19.761#Z#DEBUG#d27b103a-b1c5-11f1-bf33-eeee0a8e3dbc.RiskManagement-db-deployer#flowable-async-job-executor-thread-1547#
[PollExecuteTaskStatusExecution] c681784e-0734-4edd-bfea-9fddfbacadbf [2026-09-16T11:59:16.831976] Preprocessing files... ok (0s 0ms) (STDOUT, APP/TASK/deploy)#
#2026 09 16 11:59:19.761#Z#DEBUG#d27b103a-b1c5-11f1-bf33-eeee0a8e3dbc.RiskManagement-db-deployer#flowable-async-job-executor-thread-1547#
[PollExecuteTaskStatusExecution] c681784e-0734-4edd-bfea-9fddfbacadbf [2026-09-16T11:59:16.832048] Connecting to the container "1D2FD6BD9AE248389E2C5DD7F64681C6"... (STDOUT, APP/TASK/deploy)#
#2026 09 16 11:59:19.761#Z#DEBUG#d27b103a-b1c5-11f1-bf33-eeee0a8e3dbc.RiskManagement-db-deployer#flowable-async-job-executor-thread-1547#
[PollExecuteTaskStatusExecution] c681784e-0734-4edd-bfea-9fddfbacadbf [2026-09-16T11:59:16.919442] Connecting to the container "1D2FD6BD9AE248389E2C5DD7F64681C6"... ok (0s 87ms) (STDOUT, APP/TASK/deploy)#
#2026 09 16 11:59:19.761#Z#DEBUG#d27b103a-b1c5-11f1-bf33-eeee0a8e3dbc.RiskManagement-db-deployer#flowable-async-job-executor-thread-1547#
[PollExecuteTaskStatusExecution] c681784e-0734-4edd-bfea-9fddfbacadbf [2026-09-16T11:59:16.919522] Locking the container "1D2FD6BD9AE248389E2C5DD7F64681C6"... (STDOUT, APP/TASK/deploy)#
#2026 09 16 11:59:19.761#Z#DEBUG#d27b103a-b1c5-11f1-bf33-eeee0a8e3dbc.RiskManagement-db-deployer#flowable-async-job-executor-thread-1547#
[PollExecuteTaskStatusExecution] c681784e-0734-4edd-bfea-9fddfbacadbf [2026-09-16T11:59:17.155635] Locking the container "1D2FD6BD9AE248389E2C5DD7F64681C6"... ok (0s 236ms) (STDOUT, APP/TASK/deploy)#
#2026 09 16 11:59:19.761#Z#DEBUG#d27b103a-b1c5-11f1-bf33-eeee0a8e3dbc.RiskManagement-db-deployer#flowable-async-job-executor-thread-1547#
[PollExecuteTaskStatusExecution] c681784e-0734-4edd-bfea-9fddfbacadbf [2026-09-16T11:59:17.155736] Synchronizing files with the container "1D2FD6BD9AE248389E2C5DD7F64681C6"... (STDOUT, APP/TASK/deploy)#
#2026 09 16 11:59:19.761#Z#DEBUG#d27b103a-b1c5-11f1-bf33-eeee0a8e3dbc.RiskManagement-db-deployer#flowable-async-job-executor-thread-1547#
[PollExecuteTaskStatusExecution] c681784e-0734-4edd-bfea-9fddfbacadbf [2026-09-16T11:59:17.490552] Deleting files... (STDOUT, APP/TASK/deploy)#
#2026 09 16 11:59:19.761#Z#DEBUG#d27b103a-b1c5-11f1-bf33-eeee0a8e3dbc.RiskManagement-db-deployer#flowable-async-job-executor-thread-1547#
[PollExecuteTaskStatusExecution] c681784e-0734-4edd-bfea-9fddfbacadbf [2026-09-16T11:59:17.647143] Deleting files... ok (STDOUT, APP/TASK/deploy)#
#2026 09 16 11:59:19.761#Z#DEBUG#d27b103a-b1c5-11f1-bf33-eeee0a8e3dbc.RiskManagement-db-deployer#flowable-async-job-executor-thread-1547#
[PollExecuteTaskStatusExecution] c681784e-0734-4edd-bfea-9fddfbacadbf [2026-09-16T11:59:17.647182] Writing files... (STDOUT, APP/TASK/deploy)#
#2026 09 16 11:59:19.761#Z#DEBUG#d27b103a-b1c5-11f1-bf33-eeee0a8e3dbc.RiskManagement-db-deployer#flowable-async-job-executor-thread-1547#
[PollExecuteTaskStatusExecution] c681784e-0734-4edd-bfea-9fddfbacadbf [2026-09-16T11:59:17.647476] Writing 13 items (STDOUT, APP/TASK/deploy)#
#2026 09 16 11:59:19.761#Z#DEBUG#d27b103a-b1c5-11f1-bf33-eeee0a8e3dbc.RiskManagement-db-deployer#flowable-async-job-executor-thread-1547#
[PollExecuteTaskStatusExecution] c681784e-0734-4edd-bfea-9fddfbacadbf [2026-09-16T11:59:18.080723] Writing files... ok (STDOUT, APP/TASK/deploy)#
#2026 09 16 11:59:19.761#Z#DEBUG#d27b103a-b1c5-11f1-bf33-eeee0a8e3dbc.RiskManagement-db-deployer#flowable-async-job-executor-thread-1547#
[PollExecuteTaskStatusExecution] c681784e-0734-4edd-bfea-9fddfbacadbf [2026-09-16T11:59:18.080759] Synchronizing files with the container "1D2FD6BD9AE248389E2C5DD7F64681C6"... ok (0s 925ms) (STDOUT, APP/TASK/deploy)#
#2026 09 16 11:59:19.761#Z#DEBUG#d27b103a-b1c5-11f1-bf33-eeee0a8e3dbc.RiskManagement-db-deployer#flowable-async-job-executor-thread-1547#
[PollExecuteTaskStatusExecution] c681784e-0734-4edd-bfea-9fddfbacadbf [2026-09-16T11:59:18.081376] added files: [ (STDOUT, APP/TASK/deploy)#
#2026 09 16 11:59:19.761#Z#DEBUG#d27b103a-b1c5-11f1-bf33-eeee0a8e3dbc.RiskManagement-db-deployer#flowable-async-job-executor-thread-1547#
[PollExecuteTaskStatusExecution] c681784e-0734-4edd-bfea-9fddfbacadbf [2026-09-16T11:59:18.081399] "src/gen/.hdiconfig", (STDOUT, APP/TASK/deploy)#
#2026 09 16 11:59:19.761#Z#DEBUG#d27b103a-b1c5-11f1-bf33-eeee0a8e3dbc.RiskManagement-db-deployer#flowable-async-job-executor-thread-1547#
[PollExecuteTaskStatusExecution] c681784e-0734-4edd-bfea-9fddfbacadbf [2026-09-16T11:59:18.081404] "src/gen/.hdinamespace", (STDOUT, APP/TASK/deploy)#
#2026 09 16 11:59:19.761#Z#DEBUG#d27b103a-b1c5-11f1-bf33-eeee0a8e3dbc.RiskManagement-db-deployer#flowable-async-job-executor-thread-1547#
[PollExecuteTaskStatusExecution] c681784e-0734-4edd-bfea-9fddfbacadbf [2026-09-16T11:59:18.081408] "src/gen/DRAFT.DraftAdministrativeData.hdbtable", (STDOUT, APP/TASK/deploy)#
#2026 09 16 11:59:19.761#Z#DEBUG#d27b103a-b1c5-11f1-bf33-eeee0a8e3dbc.RiskManagement-db-deployer#flowable-async-job-executor-thread-1547#
[PollExecuteTaskStatusExecution] c681784e-0734-4edd-bfea-9fddfbacadbf [2026-09-16T11:59:18.081411] "src/gen/RiskManagement.Mitigations.hdbtable", (STDOUT, APP/TASK/deploy)#
#2026 09 16 11:59:19.761#Z#DEBUG#d27b103a-b1c5-11f1-bf33-eeee0a8e3dbc.RiskManagement-db-deployer#flowable-async-job-executor-thread-1547#
[PollExecuteTaskStatusExecution] c681784e-0734-4edd-bfea-9fddfbacadbf [2026-09-16T11:59:18.081417] "src/gen/RiskManagement.Risks.hdbtable", (STDOUT, APP/TASK/deploy)#
#2026 09 16 11:59:19.761#Z#DEBUG#d27b103a-b1c5-11f1-bf33-eeee0a8e3dbc.RiskManagement-db-deployer#flowable-async-job-executor-thread-1547#
[PollExecuteTaskStatusExecution] c681784e-0734-4edd-bfea-9fddfbacadbf [2026-09-16T11:59:18.081421] "src/gen/RiskManagementService.DraftAdministrativeData.hdbview", (STDOUT, APP/TASK/deploy)#
#2026 09 16 11:59:19.761#Z#DEBUG#d27b103a-b1c5-11f1-bf33-eeee0a8e3dbc.RiskManagement-db-deployer#flowable-async-job-executor-thread-1547#
[PollExecuteTaskStatusExecution] c681784e-0734-4edd-bfea-9fddfbacadbf [2026-09-16T11:59:18.081424] "src/gen/RiskManagementService.Mitigations.hdbview", (STDOUT, APP/TASK/deploy)#
#2026 09 16 11:59:19.761#Z#DEBUG#d27b103a-b1c5-11f1-bf33-eeee0a8e3dbc.RiskManagement-db-deployer#flowable-async-job-executor-thread-1547#
[PollExecuteTaskStatusExecution] c681784e-0734-4edd-bfea-9fddfbacadbf [2026-09-16T11:59:18.081440] "src/gen/RiskManagementService.Mitigations_drafts.hdbtable", (STDOUT, APP/TASK/deploy)#
#2026 09 16 11:59:19.761#Z#DEBUG#d27b103a-b1c5-11f1-bf33-eeee0a8e3dbc.RiskManagement-db-deployer#flowable-async-job-executor-thread-1547#
[PollExecuteTaskStatusExecution] c681784e-0734-4edd-bfea-9fddfbacadbf [2026-09-16T11:59:18.081447] "src/gen/RiskManagementService.Risks.hdbview", (STDOUT, APP/TASK/deploy)#
#2026 09 16 11:59:19.761#Z#DEBUG#d27b103a-b1c5-11f1-bf33-eeee0a8e3dbc.RiskManagement-db-deployer#flowable-async-job-executor-thread-1547#
[PollExecuteTaskStatusExecution] c681784e-0734-4edd-bfea-9fddfbacadbf [2026-09-16T11:59:18.081451] "src/gen/RiskManagementService.Risks_drafts.hdbtable", (STDOUT, APP/TASK/deploy)#
#2026 09 16 11:59:19.761#Z#DEBUG#d27b103a-b1c5-11f1-bf33-eeee0a8e3dbc.RiskManagement-db-deployer#flowable-async-job-executor-thread-1547#
[PollExecuteTaskStatusExecution] c681784e-0734-4edd-bfea-9fddfbacadbf [2026-09-16T11:59:18.081457] "src/gen/cds.outbox.Messages.hdbtable" (STDOUT, APP/TASK/deploy)#
#2026 09 16 11:59:19.761#Z#DEBUG#d27b103a-b1c5-11f1-bf33-eeee0a8e3dbc.RiskManagement-db-deployer#flowable-async-job-executor-thread-1547#
[PollExecuteTaskStatusExecution] c681784e-0734-4edd-bfea-9fddfbacadbf [2026-09-16T11:59:18.081460] ] (STDOUT, APP/TASK/deploy)#
#2026 09 16 11:59:19.761#Z#DEBUG#d27b103a-b1c5-11f1-bf33-eeee0a8e3dbc.RiskManagement-db-deployer#flowable-async-job-executor-thread-1547#
[PollExecuteTaskStatusExecution] c681784e-0734-4edd-bfea-9fddfbacadbf [2026-09-16T11:59:18.081795] modified files: [] (STDOUT, APP/TASK/deploy)#
#2026 09 16 11:59:19.761#Z#DEBUG#d27b103a-b1c5-11f1-bf33-eeee0a8e3dbc.RiskManagement-db-deployer#flowable-async-job-executor-thread-1547#
[PollExecuteTaskStatusExecution] c681784e-0734-4edd-bfea-9fddfbacadbf [2026-09-16T11:59:18.081807] deleted files: [] (STDOUT, APP/TASK/deploy)#
#2026 09 16 11:59:19.761#Z#DEBUG#d27b103a-b1c5-11f1-bf33-eeee0a8e3dbc.RiskManagement-db-deployer#flowable-async-job-executor-thread-1547#
[PollExecuteTaskStatusExecution] c681784e-0734-4edd-bfea-9fddfbacadbf [2026-09-16T11:59:18.082032] 11 modified or added files are scheduled for deploy based on delta detection (STDOUT, APP/TASK/deploy)#
#2026 09 16 11:59:19.761#Z#DEBUG#d27b103a-b1c5-11f1-bf33-eeee0a8e3dbc.RiskManagement-db-deployer#flowable-async-job-executor-thread-1547#
[PollExecuteTaskStatusExecution] c681784e-0734-4edd-bfea-9fddfbacadbf [2026-09-16T11:59:18.082582] 0 deleted files are scheduled for undeploy based on delta detection (filtered by undeploy allowlist) (STDOUT, APP/TASK/deploy)#
#2026 09 16 11:59:19.761#Z#DEBUG#d27b103a-b1c5-11f1-bf33-eeee0a8e3dbc.RiskManagement-db-deployer#flowable-async-job-executor-thread-1547#
[PollExecuteTaskStatusExecution] c681784e-0734-4edd-bfea-9fddfbacadbf [2026-09-16T11:59:18.082942] 0 files are scheduled for deploy based on explicit specification (STDOUT, APP/TASK/deploy)#
#2026 09 16 11:59:19.761#Z#DEBUG#d27b103a-b1c5-11f1-bf33-eeee0a8e3dbc.RiskManagement-db-deployer#flowable-async-job-executor-thread-1547#
[PollExecuteTaskStatusExecution] c681784e-0734-4edd-bfea-9fddfbacadbf [2026-09-16T11:59:18.082973] 0 files are scheduled for undeploy based on explicit specification (STDOUT, APP/TASK/deploy)#
#2026 09 16 11:59:19.761#Z#DEBUG#d27b103a-b1c5-11f1-bf33-eeee0a8e3dbc.RiskManagement-db-deployer#flowable-async-job-executor-thread-1547#
[PollExecuteTaskStatusExecution] c681784e-0734-4edd-bfea-9fddfbacadbf [2026-09-16T11:59:18.083149] Deploying to the container "1D2FD6BD9AE248389E2C5DD7F64681C6"... (STDOUT, APP/TASK/deploy)#
#2026 09 16 11:59:19.761#Z#DEBUG#d27b103a-b1c5-11f1-bf33-eeee0a8e3dbc.RiskManagement-db-deployer#flowable-async-job-executor-thread-1547#
[PollExecuteTaskStatusExecution] c681784e-0734-4edd-bfea-9fddfbacadbf [2026-09-16T11:59:18.707444] Polling messages for request id: 31 (STDOUT, APP/TASK/deploy)#
#2026 09 16 11:59:19.761#Z#DEBUG#d27b103a-b1c5-11f1-bf33-eeee0a8e3dbc.RiskManagement-db-deployer#flowable-async-job-executor-thread-1547#
[PollExecuteTaskStatusExecution] c681784e-0734-4edd-bfea-9fddfbacadbf [2026-09-16T11:59:18.752431] Starting make in the container "1D2FD6BD9AE248389E2C5DD7F64681C6" with 11 files to deploy, 0 files to undeploy... (STDOUT, APP/TASK/deploy)#
#2026 09 16 11:59:19.761#Z#DEBUG#d27b103a-b1c5-11f1-bf33-eeee0a8e3dbc.RiskManagement-db-deployer#flowable-async-job-executor-thread-1547#
[PollExecuteTaskStatusExecution] c681784e-0734-4edd-bfea-9fddfbacadbf [2026-09-16T11:59:18.752551] Disabling table replication for the container schema "1D2FD6BD9AE248389E2C5DD7F64681C6"... (STDOUT, APP/TASK/deploy)#
#2026 09 16 11:59:19.761#Z#DEBUG#d27b103a-b1c5-11f1-bf33-eeee0a8e3dbc.RiskManagement-db-deployer#flowable-async-job-executor-thread-1547#
[PollExecuteTaskStatusExecution] c681784e-0734-4edd-bfea-9fddfbacadbf [2026-09-16T11:59:18.752623] Disabling table replication for the container schema "1D2FD6BD9AE248389E2C5DD7F64681C6"... ok (0s 21ms) (STDOUT, APP/TASK/deploy)#
#2026 09 16 11:59:19.761#Z#DEBUG#d27b103a-b1c5-11f1-bf33-eeee0a8e3dbc.RiskManagement-db-deployer#flowable-async-job-executor-thread-1547#
[PollExecuteTaskStatusExecution] c681784e-0734-4edd-bfea-9fddfbacadbf [2026-09-16T11:59:18.752746] Migrating libraries... (STDOUT, APP/TASK/deploy)#
#2026 09 16 11:59:19.761#Z#DEBUG#d27b103a-b1c5-11f1-bf33-eeee0a8e3dbc.RiskManagement-db-deployer#flowable-async-job-executor-thread-1547#
[PollExecuteTaskStatusExecution] c681784e-0734-4edd-bfea-9fddfbacadbf [2026-09-16T11:59:18.752821] Migrating libraries... ok (0s 24ms) (STDOUT, APP/TASK/deploy)#
#2026 09 16 11:59:19.761#Z#DEBUG#d27b103a-b1c5-11f1-bf33-eeee0a8e3dbc.RiskManagement-db-deployer#flowable-async-job-executor-thread-1547#
[PollExecuteTaskStatusExecution] c681784e-0734-4edd-bfea-9fddfbacadbf [2026-09-16T11:59:18.752846] Making... (STDOUT, APP/TASK/deploy)#
#2026 09 16 11:59:19.761#Z#DEBUG#d27b103a-b1c5-11f1-bf33-eeee0a8e3dbc.RiskManagement-db-deployer#flowable-async-job-executor-thread-1547#
[PollExecuteTaskStatusExecution] c681784e-0734-4edd-bfea-9fddfbacadbf [2026-09-16T11:59:18.752862] Preparing... (STDOUT, APP/TASK/deploy)#
#2026 09 16 11:59:19.761#Z#DEBUG#d27b103a-b1c5-11f1-bf33-eeee0a8e3dbc.RiskManagement-db-deployer#flowable-async-job-executor-thread-1547#
[PollExecuteTaskStatusExecution] c681784e-0734-4edd-bfea-9fddfbacadbf [2026-09-16T11:59:18.752900] Preparing the make transaction... (STDOUT, APP/TASK/deploy)#
#2026 09 16 11:59:29.669#Z#DEBUG#d27b103a-b1c5-11f1-bf33-eeee0a8e3dbc.RiskManagement-db-deployer#flowable-async-job-executor-thread-1558#
[PollExecuteTaskStatusExecution] c681784e-0734-4edd-bfea-9fddfbacadbf [2026-09-16T11:59:19.767415] Deploying the configuration file "src/gen/.hdiconfig"... (STDOUT, APP/TASK/deploy)#
#2026 09 16 11:59:29.669#Z#DEBUG#d27b103a-b1c5-11f1-bf33-eeee0a8e3dbc.RiskManagement-db-deployer#flowable-async-job-executor-thread-1558#
[PollExecuteTaskStatusExecution] c681784e-0734-4edd-bfea-9fddfbacadbf [2026-09-16T11:59:19.767456] Preparing the make transaction... ok (0s 686ms) (STDOUT, APP/TASK/deploy)#
#2026 09 16 11:59:29.669#Z#DEBUG#d27b103a-b1c5-11f1-bf33-eeee0a8e3dbc.RiskManagement-db-deployer#flowable-async-job-executor-thread-1558#
[PollExecuteTaskStatusExecution] c681784e-0734-4edd-bfea-9fddfbacadbf [2026-09-16T11:59:19.767461] Deploying the configuration file "src/gen/.hdiconfig"... ok (0s 122ms) (STDOUT, APP/TASK/deploy)#
#2026 09 16 11:59:29.669#Z#DEBUG#d27b103a-b1c5-11f1-bf33-eeee0a8e3dbc.RiskManagement-db-deployer#flowable-async-job-executor-thread-1558#
[PollExecuteTaskStatusExecution] c681784e-0734-4edd-bfea-9fddfbacadbf [2026-09-16T11:59:19.767566] Deploying the namespace file "src/gen/.hdinamespace"... (STDOUT, APP/TASK/deploy)#
#2026 09 16 11:59:29.669#Z#DEBUG#d27b103a-b1c5-11f1-bf33-eeee0a8e3dbc.RiskManagement-db-deployer#flowable-async-job-executor-thread-1558#
[PollExecuteTaskStatusExecution] c681784e-0734-4edd-bfea-9fddfbacadbf [2026-09-16T11:59:19.767628] Deploying the namespace file "src/gen/.hdinamespace"... ok (0s 27ms) (STDOUT, APP/TASK/deploy)#
#2026 09 16 11:59:29.669#Z#DEBUG#d27b103a-b1c5-11f1-bf33-eeee0a8e3dbc.RiskManagement-db-deployer#flowable-async-job-executor-thread-1558#
[PollExecuteTaskStatusExecution] c681784e-0734-4edd-bfea-9fddfbacadbf [2026-09-16T11:59:19.767637] Adding "src/gen/DRAFT.DraftAdministrativeData.hdbtable" for deploy... (STDOUT, APP/TASK/deploy)#
#2026 09 16 11:59:29.669#Z#DEBUG#d27b103a-b1c5-11f1-bf33-eeee0a8e3dbc.RiskManagement-db-deployer#flowable-async-job-executor-thread-1558#
[PollExecuteTaskStatusExecution] c681784e-0734-4edd-bfea-9fddfbacadbf [2026-09-16T11:59:19.767642] Adding "src/gen/DRAFT.DraftAdministrativeData.hdbtable" for deploy... ok (0s 33ms) (STDOUT, APP/TASK/deploy)#
#2026 09 16 11:59:29.669#Z#DEBUG#d27b103a-b1c5-11f1-bf33-eeee0a8e3dbc.RiskManagement-db-deployer#flowable-async-job-executor-thread-1558#
[PollExecuteTaskStatusExecution] c681784e-0734-4edd-bfea-9fddfbacadbf [2026-09-16T11:59:19.767645] Adding "src/gen/RiskManagement.Mitigations.hdbtable" for deploy... (STDOUT, APP/TASK/deploy)#
#2026 09 16 11:59:29.669#Z#DEBUG#d27b103a-b1c5-11f1-bf33-eeee0a8e3dbc.RiskManagement-db-deployer#flowable-async-job-executor-thread-1558#
[PollExecuteTaskStatusExecution] c681784e-0734-4edd-bfea-9fddfbacadbf [2026-09-16T11:59:19.767716] Adding "src/gen/RiskManagement.Mitigations.hdbtable" for deploy... ok (0s 0ms) (STDOUT, APP/TASK/deploy)#
#2026 09 16 11:59:29.669#Z#DEBUG#d27b103a-b1c5-11f1-bf33-eeee0a8e3dbc.RiskManagement-db-deployer#flowable-async-job-executor-thread-1558#
[PollExecuteTaskStatusExecution] c681784e-0734-4edd-bfea-9fddfbacadbf [2026-09-16T11:59:19.767784] Adding "src/gen/RiskManagement.Risks.hdbtable" for deploy... (STDOUT, APP/TASK/deploy)#
#2026 09 16 11:59:29.669#Z#DEBUG#d27b103a-b1c5-11f1-bf33-eeee0a8e3dbc.RiskManagement-db-deployer#flowable-async-job-executor-thread-1558#
[PollExecuteTaskStatusExecution] c681784e-0734-4edd-bfea-9fddfbacadbf [2026-09-16T11:59:19.767795] Adding "src/gen/RiskManagement.Risks.hdbtable" for deploy... ok (0s 0ms) (STDOUT, APP/TASK/deploy)#
#2026 09 16 11:59:29.669#Z#DEBUG#d27b103a-b1c5-11f1-bf33-eeee0a8e3dbc.RiskManagement-db-deployer#flowable-async-job-executor-thread-1558#
[PollExecuteTaskStatusExecution] c681784e-0734-4edd-bfea-9fddfbacadbf [2026-09-16T11:59:19.767833] Adding "src/gen/RiskManagementService.DraftAdministrativeData.hdbview" for deploy... (STDOUT, APP/TASK/deploy)#
#2026 09 16 11:59:29.669#Z#DEBUG#d27b103a-b1c5-11f1-bf33-eeee0a8e3dbc.RiskManagement-db-deployer#flowable-async-job-executor-thread-1558#
[PollExecuteTaskStatusExecution] c681784e-0734-4edd-bfea-9fddfbacadbf [2026-09-16T11:59:19.767885] Adding "src/gen/RiskManagementService.DraftAdministrativeData.hdbview" for deploy... ok (0s 0ms) (STDOUT, APP/TASK/deploy)#
#2026 09 16 11:59:29.669#Z#DEBUG#d27b103a-b1c5-11f1-bf33-eeee0a8e3dbc.RiskManagement-db-deployer#flowable-async-job-executor-thread-1558#
[PollExecuteTaskStatusExecution] c681784e-0734-4edd-bfea-9fddfbacadbf [2026-09-16T11:59:19.767926] Adding "src/gen/RiskManagementService.Mitigations.hdbview" for deploy... (STDOUT, APP/TASK/deploy)#
#2026 09 16 11:59:29.669#Z#DEBUG#d27b103a-b1c5-11f1-bf33-eeee0a8e3dbc.RiskManagement-db-deployer#flowable-async-job-executor-thread-1558#
[PollExecuteTaskStatusExecution] c681784e-0734-4edd-bfea-9fddfbacadbf [2026-09-16T11:59:19.767983] Adding "src/gen/RiskManagementService.Mitigations.hdbview" for deploy... ok (0s 0ms) (STDOUT, APP/TASK/deploy)#
#2026 09 16 11:59:29.669#Z#DEBUG#d27b103a-b1c5-11f1-bf33-eeee0a8e3dbc.RiskManagement-db-deployer#flowable-async-job-executor-thread-1558#
[PollExecuteTaskStatusExecution] c681784e-0734-4edd-bfea-9fddfbacadbf [2026-09-16T11:59:19.768012] Adding "src/gen/RiskManagementService.Mitigations_drafts.hdbtable" for deploy... (STDOUT, APP/TASK/deploy)#
#2026 09 16 11:59:29.669#Z#DEBUG#d27b103a-b1c5-11f1-bf33-eeee0a8e3dbc.RiskManagement-db-deployer#flowable-async-job-executor-thread-1558#
[PollExecuteTaskStatusExecution] c681784e-0734-4edd-bfea-9fddfbacadbf [2026-09-16T11:59:19.768015] Adding "src/gen/RiskManagementService.Mitigations_drafts.hdbtable" for deploy... ok (0s 0ms) (STDOUT, APP/TASK/deploy)#
#2026 09 16 11:59:29.669#Z#DEBUG#d27b103a-b1c5-11f1-bf33-eeee0a8e3dbc.RiskManagement-db-deployer#flowable-async-job-executor-thread-1558#
[PollExecuteTaskStatusExecution] c681784e-0734-4edd-bfea-9fddfbacadbf [2026-09-16T11:59:19.768018] Adding "src/gen/RiskManagementService.Risks.hdbview" for deploy... (STDOUT, APP/TASK/deploy)#
#2026 09 16 11:59:29.669#Z#DEBUG#d27b103a-b1c5-11f1-bf33-eeee0a8e3dbc.RiskManagement-db-deployer#flowable-async-job-executor-thread-1558#
[PollExecuteTaskStatusExecution] c681784e-0734-4edd-bfea-9fddfbacadbf [2026-09-16T11:59:19.768021] Adding "src/gen/RiskManagementService.Risks.hdbview" for deploy... ok (0s 0ms) (STDOUT, APP/TASK/deploy)#
#2026 09 16 11:59:29.669#Z#DEBUG#d27b103a-b1c5-11f1-bf33-eeee0a8e3dbc.RiskManagement-db-deployer#flowable-async-job-executor-thread-1558#
[PollExecuteTaskStatusExecution] c681784e-0734-4edd-bfea-9fddfbacadbf [2026-09-16T11:59:19.768030] Adding "src/gen/RiskManagementService.Risks_drafts.hdbtable" for deploy... (STDOUT, APP/TASK/deploy)#
#2026 09 16 11:59:29.669#Z#DEBUG#d27b103a-b1c5-11f1-bf33-eeee0a8e3dbc.RiskManagement-db-deployer#flowable-async-job-executor-thread-1558#
[PollExecuteTaskStatusExecution] c681784e-0734-4edd-bfea-9fddfbacadbf [2026-09-16T11:59:19.768032] Adding "src/gen/RiskManagementService.Risks_drafts.hdbtable" for deploy... ok (0s 0ms) (STDOUT, APP/TASK/deploy)#
#2026 09 16 11:59:29.669#Z#DEBUG#d27b103a-b1c5-11f1-bf33-eeee0a8e3dbc.RiskManagement-db-deployer#flowable-async-job-executor-thread-1558#
[PollExecuteTaskStatusExecution] c681784e-0734-4edd-bfea-9fddfbacadbf [2026-09-16T11:59:19.768117] Adding "src/gen/cds.outbox.Messages.hdbtable" for deploy... (STDOUT, APP/TASK/deploy)#
#2026 09 16 11:59:29.669#Z#DEBUG#d27b103a-b1c5-11f1-bf33-eeee0a8e3dbc.RiskManagement-db-deployer#flowable-async-job-executor-thread-1558#
[PollExecuteTaskStatusExecution] c681784e-0734-4edd-bfea-9fddfbacadbf [2026-09-16T11:59:19.768141] Adding "src/gen/cds.outbox.Messages.hdbtable" for deploy... ok (0s 0ms) (STDOUT, APP/TASK/deploy)#
#2026 09 16 11:59:29.669#Z#DEBUG#d27b103a-b1c5-11f1-bf33-eeee0a8e3dbc.RiskManagement-db-deployer#flowable-async-job-executor-thread-1558#
[PollExecuteTaskStatusExecution] c681784e-0734-4edd-bfea-9fddfbacadbf [2026-09-16T11:59:19.768154] Preparing... ok (0s 822ms) (STDOUT, APP/TASK/deploy)#
#2026 09 16 11:59:29.669#Z#DEBUG#d27b103a-b1c5-11f1-bf33-eeee0a8e3dbc.RiskManagement-db-deployer#flowable-async-job-executor-thread-1558#
[PollExecuteTaskStatusExecution] c681784e-0734-4edd-bfea-9fddfbacadbf [2026-09-16T11:59:19.768157] Calculating dependencies... (STDOUT, APP/TASK/deploy)#
#2026 09 16 11:59:29.669#Z#DEBUG#d27b103a-b1c5-11f1-bf33-eeee0a8e3dbc.RiskManagement-db-deployer#flowable-async-job-executor-thread-1558#
[PollExecuteTaskStatusExecution] c681784e-0734-4edd-bfea-9fddfbacadbf [2026-09-16T11:59:19.768234] Expanding... (STDOUT, APP/TASK/deploy)#
#2026 09 16 11:59:29.669#Z#DEBUG#d27b103a-b1c5-11f1-bf33-eeee0a8e3dbc.RiskManagement-db-deployer#flowable-async-job-executor-thread-1558#
[PollExecuteTaskStatusExecution] c681784e-0734-4edd-bfea-9fddfbacadbf [2026-09-16T11:59:19.768254] Expanding "src/gen/RiskManagement.Mitigations.hdbtable"... (STDOUT, APP/TASK/deploy)#
#2026 09 16 11:59:29.669#Z#DEBUG#d27b103a-b1c5-11f1-bf33-eeee0a8e3dbc.RiskManagement-db-deployer#flowable-async-job-executor-thread-1558#
[PollExecuteTaskStatusExecution] c681784e-0734-4edd-bfea-9fddfbacadbf [2026-09-16T11:59:19.768265] Expanding "src/gen/DRAFT.DraftAdministrativeData.hdbtable"... (STDOUT, APP/TASK/deploy)#
#2026 09 16 11:59:29.669#Z#DEBUG#d27b103a-b1c5-11f1-bf33-eeee0a8e3dbc.RiskManagement-db-deployer#flowable-async-job-executor-thread-1558#
[PollExecuteTaskStatusExecution] c681784e-0734-4edd-bfea-9fddfbacadbf [2026-09-16T11:59:19.768268] Expanding "src/gen/RiskManagement.Risks.hdbtable"... (STDOUT, APP/TASK/deploy)#
#2026 09 16 11:59:29.669#Z#DEBUG#d27b103a-b1c5-11f1-bf33-eeee0a8e3dbc.RiskManagement-db-deployer#flowable-async-job-executor-thread-1558#
[PollExecuteTaskStatusExecution] c681784e-0734-4edd-bfea-9fddfbacadbf [2026-09-16T11:59:19.768287] Expanding "src/gen/RiskManagementService.DraftAdministrativeData.hdbview"... (STDOUT, APP/TASK/deploy)#
#2026 09 16 11:59:29.669#Z#DEBUG#d27b103a-b1c5-11f1-bf33-eeee0a8e3dbc.RiskManagement-db-deployer#flowable-async-job-executor-thread-1558#
[PollExecuteTaskStatusExecution] c681784e-0734-4edd-bfea-9fddfbacadbf [2026-09-16T11:59:19.768340] Expanding "src/gen/RiskManagementService.DraftAdministrativeData.hdbview"... ok (0s 25ms) (STDOUT, APP/TASK/deploy)#
#2026 09 16 11:59:29.669#Z#DEBUG#d27b103a-b1c5-11f1-bf33-eeee0a8e3dbc.RiskManagement-db-deployer#flowable-async-job-executor-thread-1558#
[PollExecuteTaskStatusExecution] c681784e-0734-4edd-bfea-9fddfbacadbf [2026-09-16T11:59:19.768360] Expanding "src/gen/RiskManagementService.Mitigations.hdbview"... (STDOUT, APP/TASK/deploy)#
#2026 09 16 11:59:29.669#Z#DEBUG#d27b103a-b1c5-11f1-bf33-eeee0a8e3dbc.RiskManagement-db-deployer#flowable-async-job-executor-thread-1558#
[PollExecuteTaskStatusExecution] c681784e-0734-4edd-bfea-9fddfbacadbf [2026-09-16T11:59:19.768373] Expanding "src/gen/DRAFT.DraftAdministrativeData.hdbtable"... ok (0s 26ms) (STDOUT, APP/TASK/deploy)#
#2026 09 16 11:59:29.669#Z#DEBUG#d27b103a-b1c5-11f1-bf33-eeee0a8e3dbc.RiskManagement-db-deployer#flowable-async-job-executor-thread-1558#
[PollExecuteTaskStatusExecution] c681784e-0734-4edd-bfea-9fddfbacadbf [2026-09-16T11:59:19.768476] Expanding "src/gen/RiskManagementService.Mitigations_drafts.hdbtable"... (STDOUT, APP/TASK/deploy)#
#2026 09 16 11:59:29.669#Z#DEBUG#d27b103a-b1c5-11f1-bf33-eeee0a8e3dbc.RiskManagement-db-deployer#flowable-async-job-executor-thread-1558#
[PollExecuteTaskStatusExecution] c681784e-0734-4edd-bfea-9fddfbacadbf [2026-09-16T11:59:19.768492] Expanding "src/gen/RiskManagement.Risks.hdbtable"... ok (0s 26ms) (STDOUT, APP/TASK/deploy)#
#2026 09 16 11:59:29.669#Z#DEBUG#d27b103a-b1c5-11f1-bf33-eeee0a8e3dbc.RiskManagement-db-deployer#flowable-async-job-executor-thread-1558#
[PollExecuteTaskStatusExecution] c681784e-0734-4edd-bfea-9fddfbacadbf [2026-09-16T11:59:19.768496] Expanding "src/gen/RiskManagement.Mitigations.hdbtable"... ok (0s 27ms) (STDOUT, APP/TASK/deploy)#
#2026 09 16 11:59:29.669#Z#DEBUG#d27b103a-b1c5-11f1-bf33-eeee0a8e3dbc.RiskManagement-db-deployer#flowable-async-job-executor-thread-1558#
[PollExecuteTaskStatusExecution] c681784e-0734-4edd-bfea-9fddfbacadbf [2026-09-16T11:59:19.768499] Expanding "src/gen/RiskManagementService.Risks.hdbview"... (STDOUT, APP/TASK/deploy)#
#2026 09 16 11:59:29.669#Z#DEBUG#d27b103a-b1c5-11f1-bf33-eeee0a8e3dbc.RiskManagement-db-deployer#flowable-async-job-executor-thread-1558#
[PollExecuteTaskStatusExecution] c681784e-0734-4edd-bfea-9fddfbacadbf [2026-09-16T11:59:19.768512] Expanding "src/gen/RiskManagementService.Risks_drafts.hdbtable"... (STDOUT, APP/TASK/deploy)#
#2026 09 16 11:59:29.669#Z#DEBUG#d27b103a-b1c5-11f1-bf33-eeee0a8e3dbc.RiskManagement-db-deployer#flowable-async-job-executor-thread-1558#
[PollExecuteTaskStatusExecution] c681784e-0734-4edd-bfea-9fddfbacadbf [2026-09-16T11:59:19.768516] Expanding "src/gen/RiskManagementService.Mitigations.hdbview"... ok (0s 8ms) (STDOUT, APP/TASK/deploy)#
#2026 09 16 11:59:29.669#Z#DEBUG#d27b103a-b1c5-11f1-bf33-eeee0a8e3dbc.RiskManagement-db-deployer#flowable-async-job-executor-thread-1558#
[PollExecuteTaskStatusExecution] c681784e-0734-4edd-bfea-9fddfbacadbf [2026-09-16T11:59:19.768577] Expanding "src/gen/cds.outbox.Messages.hdbtable"... (STDOUT, APP/TASK/deploy)#
#2026 09 16 11:59:29.669#Z#DEBUG#d27b103a-b1c5-11f1-bf33-eeee0a8e3dbc.RiskManagement-db-deployer#flowable-async-job-executor-thread-1558#
[PollExecuteTaskStatusExecution] c681784e-0734-4edd-bfea-9fddfbacadbf [2026-09-16T11:59:19.768591] Expanding "src/gen/RiskManagementService.Risks.hdbview"... ok (0s 8ms) (STDOUT, APP/TASK/deploy)#
#2026 09 16 11:59:29.669#Z#DEBUG#d27b103a-b1c5-11f1-bf33-eeee0a8e3dbc.RiskManagement-db-deployer#flowable-async-job-executor-thread-1558#
[PollExecuteTaskStatusExecution] c681784e-0734-4edd-bfea-9fddfbacadbf [2026-09-16T11:59:19.768595] Expanding "src/gen/RiskManagementService.Mitigations_drafts.hdbtable"... ok (0s 8ms) (STDOUT, APP/TASK/deploy)#
#2026 09 16 11:59:29.669#Z#DEBUG#d27b103a-b1c5-11f1-bf33-eeee0a8e3dbc.RiskManagement-db-deployer#flowable-async-job-executor-thread-1558#
[PollExecuteTaskStatusExecution] c681784e-0734-4edd-bfea-9fddfbacadbf [2026-09-16T11:59:19.768606] Expanding "src/gen/RiskManagementService.Risks_drafts.hdbtable"... ok (0s 9ms) (STDOUT, APP/TASK/deploy)#
#2026 09 16 11:59:29.669#Z#DEBUG#d27b103a-b1c5-11f1-bf33-eeee0a8e3dbc.RiskManagement-db-deployer#flowable-async-job-executor-thread-1558#
[PollExecuteTaskStatusExecution] c681784e-0734-4edd-bfea-9fddfbacadbf [2026-09-16T11:59:19.768615] Expanding "src/gen/cds.outbox.Messages.hdbtable"... ok (0s 5ms) (STDOUT, APP/TASK/deploy)#
#2026 09 16 11:59:29.669#Z#DEBUG#d27b103a-b1c5-11f1-bf33-eeee0a8e3dbc.RiskManagement-db-deployer#flowable-async-job-executor-thread-1558#
[PollExecuteTaskStatusExecution] c681784e-0734-4edd-bfea-9fddfbacadbf [2026-09-16T11:59:19.768621] Expanding... ok (0s 89ms) (STDOUT, APP/TASK/deploy)#
#2026 09 16 11:59:29.669#Z#DEBUG#d27b103a-b1c5-11f1-bf33-eeee0a8e3dbc.RiskManagement-db-deployer#flowable-async-job-executor-thread-1558#
[PollExecuteTaskStatusExecution] c681784e-0734-4edd-bfea-9fddfbacadbf [2026-09-16T11:59:19.768716] Precompiling... (STDOUT, APP/TASK/deploy)#
#2026 09 16 11:59:29.669#Z#DEBUG#d27b103a-b1c5-11f1-bf33-eeee0a8e3dbc.RiskManagement-db-deployer#flowable-async-job-executor-thread-1558#
[PollExecuteTaskStatusExecution] c681784e-0734-4edd-bfea-9fddfbacadbf [2026-09-16T11:59:19.768728] Precompiling "src/gen/DRAFT.DraftAdministrativeData.hdbtable"... (STDOUT, APP/TASK/deploy)#
#2026 09 16 11:59:29.669#Z#DEBUG#d27b103a-b1c5-11f1-bf33-eeee0a8e3dbc.RiskManagement-db-deployer#flowable-async-job-executor-thread-1558#
[PollExecuteTaskStatusExecution] c681784e-0734-4edd-bfea-9fddfbacadbf [2026-09-16T11:59:19.768764] Precompiling "src/gen/RiskManagement.Mitigations.hdbtable"... (STDOUT, APP/TASK/deploy)#
#2026 09 16 11:59:29.669#Z#DEBUG#d27b103a-b1c5-11f1-bf33-eeee0a8e3dbc.RiskManagement-db-deployer#flowable-async-job-executor-thread-1558#
[PollExecuteTaskStatusExecution] c681784e-0734-4edd-bfea-9fddfbacadbf [2026-09-16T11:59:19.768833] Precompiling "src/gen/RiskManagement.Risks.hdbtable"... (STDOUT, APP/TASK/deploy)#
#2026 09 16 11:59:29.669#Z#DEBUG#d27b103a-b1c5-11f1-bf33-eeee0a8e3dbc.RiskManagement-db-deployer#flowable-async-job-executor-thread-1558#
[PollExecuteTaskStatusExecution] c681784e-0734-4edd-bfea-9fddfbacadbf [2026-09-16T11:59:19.768872] Precompiling "src/gen/RiskManagementService.DraftAdministrativeData.hdbview"... (STDOUT, APP/TASK/deploy)#
#2026 09 16 11:59:29.669#Z#DEBUG#d27b103a-b1c5-11f1-bf33-eeee0a8e3dbc.RiskManagement-db-deployer#flowable-async-job-executor-thread-1558#
[PollExecuteTaskStatusExecution] c681784e-0734-4edd-bfea-9fddfbacadbf [2026-09-16T11:59:19.768912] Precompiling "src/gen/RiskManagement.Risks.hdbtable"... ok (0s 11ms) (STDOUT, APP/TASK/deploy)#
#2026 09 16 11:59:29.669#Z#DEBUG#d27b103a-b1c5-11f1-bf33-eeee0a8e3dbc.RiskManagement-db-deployer#flowable-async-job-executor-thread-1558#
[PollExecuteTaskStatusExecution] c681784e-0734-4edd-bfea-9fddfbacadbf [2026-09-16T11:59:19.768982] Precompiling "src/gen/RiskManagement.Mitigations.hdbtable"... ok (0s 13ms) (STDOUT, APP/TASK/deploy)#
#2026 09 16 11:59:29.669#Z#DEBUG#d27b103a-b1c5-11f1-bf33-eeee0a8e3dbc.RiskManagement-db-deployer#flowable-async-job-executor-thread-1558#
[PollExecuteTaskStatusExecution] c681784e-0734-4edd-bfea-9fddfbacadbf [2026-09-16T11:59:19.769039] Precompiling "src/gen/DRAFT.DraftAdministrativeData.hdbtable"... ok (0s 14ms) (STDOUT, APP/TASK/deploy)#
#2026 09 16 11:59:29.669#Z#DEBUG#d27b103a-b1c5-11f1-bf33-eeee0a8e3dbc.RiskManagement-db-deployer#flowable-async-job-executor-thread-1558#
[PollExecuteTaskStatusExecution] c681784e-0734-4edd-bfea-9fddfbacadbf [2026-09-16T11:59:19.769106] Precompiling "src/gen/RiskManagementService.Mitigations.hdbview"... (STDOUT, APP/TASK/deploy)#
#2026 09 16 11:59:29.669#Z#DEBUG#d27b103a-b1c5-11f1-bf33-eeee0a8e3dbc.RiskManagement-db-deployer#flowable-async-job-executor-thread-1558#
[PollExecuteTaskStatusExecution] c681784e-0734-4edd-bfea-9fddfbacadbf [2026-09-16T11:59:19.769143] Precompiling "src/gen/RiskManagementService.Mitigations_drafts.hdbtable"... (STDOUT, APP/TASK/deploy)#
#2026 09 16 11:59:29.669#Z#DEBUG#d27b103a-b1c5-11f1-bf33-eeee0a8e3dbc.RiskManagement-db-deployer#flowable-async-job-executor-thread-1558#
[PollExecuteTaskStatusExecution] c681784e-0734-4edd-bfea-9fddfbacadbf [2026-09-16T11:59:19.769180] Precompiling "src/gen/RiskManagementService.Risks.hdbview"... (STDOUT, APP/TASK/deploy)#
#2026 09 16 11:59:29.669#Z#DEBUG#d27b103a-b1c5-11f1-bf33-eeee0a8e3dbc.RiskManagement-db-deployer#flowable-async-job-executor-thread-1558#
[PollExecuteTaskStatusExecution] c681784e-0734-4edd-bfea-9fddfbacadbf [2026-09-16T11:59:19.769215] Precompiling "src/gen/RiskManagementService.DraftAdministrativeData.hdbview"... ok (0s 10ms) (STDOUT, APP/TASK/deploy)#
#2026 09 16 11:59:29.669#Z#DEBUG#d27b103a-b1c5-11f1-bf33-eeee0a8e3dbc.RiskManagement-db-deployer#flowable-async-job-executor-thread-1558#
[PollExecuteTaskStatusExecution] c681784e-0734-4edd-bfea-9fddfbacadbf [2026-09-16T11:59:19.769248] Precompiling "src/gen/RiskManagementService.Risks_drafts.hdbtable"... (STDOUT, APP/TASK/deploy)#
#2026 09 16 11:59:29.669#Z#DEBUG#d27b103a-b1c5-11f1-bf33-eeee0a8e3dbc.RiskManagement-db-deployer#flowable-async-job-executor-thread-1558#
[PollExecuteTaskStatusExecution] c681784e-0734-4edd-bfea-9fddfbacadbf [2026-09-16T11:59:19.769287] Precompiling "src/gen/RiskManagementService.Mitigations.hdbview"... ok (0s 8ms) (STDOUT, APP/TASK/deploy)#
#2026 09 16 11:59:29.669#Z#DEBUG#d27b103a-b1c5-11f1-bf33-eeee0a8e3dbc.RiskManagement-db-deployer#flowable-async-job-executor-thread-1558#
[PollExecuteTaskStatusExecution] c681784e-0734-4edd-bfea-9fddfbacadbf [2026-09-16T11:59:19.769326] Precompiling "src/gen/cds.outbox.Messages.hdbtable"... (STDOUT, APP/TASK/deploy)#
#2026 09 16 11:59:29.669#Z#DEBUG#d27b103a-b1c5-11f1-bf33-eeee0a8e3dbc.RiskManagement-db-deployer#flowable-async-job-executor-thread-1558#
[PollExecuteTaskStatusExecution] c681784e-0734-4edd-bfea-9fddfbacadbf [2026-09-16T11:59:19.769365] Precompiling "src/gen/RiskManagementService.Mitigations_drafts.hdbtable"... ok (0s 8ms) (STDOUT, APP/TASK/deploy)#
#2026 09 16 11:59:29.669#Z#DEBUG#d27b103a-b1c5-11f1-bf33-eeee0a8e3dbc.RiskManagement-db-deployer#flowable-async-job-executor-thread-1558#
[PollExecuteTaskStatusExecution] c681784e-0734-4edd-bfea-9fddfbacadbf [2026-09-16T11:59:19.769399] Precompiling "src/gen/RiskManagementService.Risks_drafts.hdbtable"... ok (0s 9ms) (STDOUT, APP/TASK/deploy)#
#2026 09 16 11:59:29.669#Z#DEBUG#d27b103a-b1c5-11f1-bf33-eeee0a8e3dbc.RiskManagement-db-deployer#flowable-async-job-executor-thread-1558#
[PollExecuteTaskStatusExecution] c681784e-0734-4edd-bfea-9fddfbacadbf [2026-09-16T11:59:19.769441] Precompiling "src/gen/RiskManagementService.Risks.hdbview"... ok (0s 9ms) (STDOUT, APP/TASK/deploy)#
#2026 09 16 11:59:29.669#Z#DEBUG#d27b103a-b1c5-11f1-bf33-eeee0a8e3dbc.RiskManagement-db-deployer#flowable-async-job-executor-thread-1558#
[PollExecuteTaskStatusExecution] c681784e-0734-4edd-bfea-9fddfbacadbf [2026-09-16T11:59:19.769486] Precompiling "src/gen/cds.outbox.Messages.hdbtable"... ok (0s 5ms) (STDOUT, APP/TASK/deploy)#
#2026 09 16 11:59:29.669#Z#DEBUG#d27b103a-b1c5-11f1-bf33-eeee0a8e3dbc.RiskManagement-db-deployer#flowable-async-job-executor-thread-1558#
[PollExecuteTaskStatusExecution] c681784e-0734-4edd-bfea-9fddfbacadbf [2026-09-16T11:59:19.769554] Precompiling... ok (0s 52ms) (STDOUT, APP/TASK/deploy)#
#2026 09 16 11:59:29.669#Z#DEBUG#d27b103a-b1c5-11f1-bf33-eeee0a8e3dbc.RiskManagement-db-deployer#flowable-async-job-executor-thread-1558#
[PollExecuteTaskStatusExecution] c681784e-0734-4edd-bfea-9fddfbacadbf [2026-09-16T11:59:19.769610] Merging... (STDOUT, APP/TASK/deploy)#
#2026 09 16 11:59:29.669#Z#DEBUG#d27b103a-b1c5-11f1-bf33-eeee0a8e3dbc.RiskManagement-db-deployer#flowable-async-job-executor-thread-1558#
[PollExecuteTaskStatusExecution] c681784e-0734-4edd-bfea-9fddfbacadbf [2026-09-16T11:59:19.769683] Merging... ok (0s 21ms) (STDOUT, APP/TASK/deploy)#
#2026 09 16 11:59:29.669#Z#DEBUG#d27b103a-b1c5-11f1-bf33-eeee0a8e3dbc.RiskManagement-db-deployer#flowable-async-job-executor-thread-1558#
[PollExecuteTaskStatusExecution] c681784e-0734-4edd-bfea-9fddfbacadbf [2026-09-16T11:59:19.769738] Calculating dependencies... ok (0s 162ms) (STDOUT, APP/TASK/deploy)#
#2026 09 16 11:59:29.669#Z#DEBUG#d27b103a-b1c5-11f1-bf33-eeee0a8e3dbc.RiskManagement-db-deployer#flowable-async-job-executor-thread-1558#
[PollExecuteTaskStatusExecution] c681784e-0734-4edd-bfea-9fddfbacadbf [2026-09-16T11:59:19.769791] Processing work list... (STDOUT, APP/TASK/deploy)#
#2026 09 16 11:59:29.669#Z#DEBUG#d27b103a-b1c5-11f1-bf33-eeee0a8e3dbc.RiskManagement-db-deployer#flowable-async-job-executor-thread-1558#
[PollExecuteTaskStatusExecution] c681784e-0734-4edd-bfea-9fddfbacadbf [2026-09-16T11:59:19.769844] Deploying "src/gen/DRAFT.DraftAdministrativeData.hdbtable"... (STDOUT, APP/TASK/deploy)#
#2026 09 16 11:59:29.669#Z#DEBUG#d27b103a-b1c5-11f1-bf33-eeee0a8e3dbc.RiskManagement-db-deployer#flowable-async-job-executor-thread-1558#
[PollExecuteTaskStatusExecution] c681784e-0734-4edd-bfea-9fddfbacadbf [2026-09-16T11:59:19.769852] Deploying "src/gen/RiskManagement.Mitigations.hdbtable"... (STDOUT, APP/TASK/deploy)#
#2026 09 16 11:59:29.669#Z#DEBUG#d27b103a-b1c5-11f1-bf33-eeee0a8e3dbc.RiskManagement-db-deployer#flowable-async-job-executor-thread-1558#
[PollExecuteTaskStatusExecution] c681784e-0734-4edd-bfea-9fddfbacadbf [2026-09-16T11:59:19.769857] Deploying "src/gen/RiskManagement.Risks.hdbtable"... (STDOUT, APP/TASK/deploy)#
#2026 09 16 11:59:29.669#Z#DEBUG#d27b103a-b1c5-11f1-bf33-eeee0a8e3dbc.RiskManagement-db-deployer#flowable-async-job-executor-thread-1558#
[PollExecuteTaskStatusExecution] c681784e-0734-4edd-bfea-9fddfbacadbf [2026-09-16T11:59:20.049419] Deploying "src/gen/RiskManagement.Mitigations.hdbtable"... ok (0s 208ms) (STDOUT, APP/TASK/deploy)#
#2026 09 16 11:59:29.669#Z#DEBUG#d27b103a-b1c5-11f1-bf33-eeee0a8e3dbc.RiskManagement-db-deployer#flowable-async-job-executor-thread-1558#
[PollExecuteTaskStatusExecution] c681784e-0734-4edd-bfea-9fddfbacadbf [2026-09-16T11:59:20.049487] Deploying "src/gen/RiskManagementService.Mitigations_drafts.hdbtable"... (STDOUT, APP/TASK/deploy)#
#2026 09 16 11:59:29.669#Z#DEBUG#d27b103a-b1c5-11f1-bf33-eeee0a8e3dbc.RiskManagement-db-deployer#flowable-async-job-executor-thread-1558#
[PollExecuteTaskStatusExecution] c681784e-0734-4edd-bfea-9fddfbacadbf [2026-09-16T11:59:20.049507] Deploying "src/gen/DRAFT.DraftAdministrativeData.hdbtable"... ok (0s 209ms) (STDOUT, APP/TASK/deploy)#
#2026 09 16 11:59:29.669#Z#DEBUG#d27b103a-b1c5-11f1-bf33-eeee0a8e3dbc.RiskManagement-db-deployer#flowable-async-job-executor-thread-1558#
[PollExecuteTaskStatusExecution] c681784e-0734-4edd-bfea-9fddfbacadbf [2026-09-16T11:59:20.049511] Deploying "src/gen/RiskManagementService.Risks_drafts.hdbtable"... (STDOUT, APP/TASK/deploy)#
#2026 09 16 11:59:29.669#Z#DEBUG#d27b103a-b1c5-11f1-bf33-eeee0a8e3dbc.RiskManagement-db-deployer#flowable-async-job-executor-thread-1558#
[PollExecuteTaskStatusExecution] c681784e-0734-4edd-bfea-9fddfbacadbf [2026-09-16T11:59:20.049563] Deploying "src/gen/RiskManagement.Risks.hdbtable"... ok (0s 217ms) (STDOUT, APP/TASK/deploy)#
#2026 09 16 11:59:29.669#Z#DEBUG#d27b103a-b1c5-11f1-bf33-eeee0a8e3dbc.RiskManagement-db-deployer#flowable-async-job-executor-thread-1558#
[PollExecuteTaskStatusExecution] c681784e-0734-4edd-bfea-9fddfbacadbf [2026-09-16T11:59:20.049640] Deploying "src/gen/cds.outbox.Messages.hdbtable"... (STDOUT, APP/TASK/deploy)#
#2026 09 16 11:59:29.669#Z#DEBUG#d27b103a-b1c5-11f1-bf33-eeee0a8e3dbc.RiskManagement-db-deployer#flowable-async-job-executor-thread-1558#
[PollExecuteTaskStatusExecution] c681784e-0734-4edd-bfea-9fddfbacadbf [2026-09-16T11:59:20.049727] Deploying "src/gen/RiskManagementService.Mitigations_drafts.hdbtable"... ok (0s 25ms) (STDOUT, APP/TASK/deploy)#
#2026 09 16 11:59:29.669#Z#DEBUG#d27b103a-b1c5-11f1-bf33-eeee0a8e3dbc.RiskManagement-db-deployer#flowable-async-job-executor-thread-1558#
[PollExecuteTaskStatusExecution] c681784e-0734-4edd-bfea-9fddfbacadbf [2026-09-16T11:59:20.049737] Deploying "src/gen/RiskManagementService.Risks_drafts.hdbtable"... ok (0s 24ms) (STDOUT, APP/TASK/deploy)#
#2026 09 16 11:59:29.669#Z#DEBUG#d27b103a-b1c5-11f1-bf33-eeee0a8e3dbc.RiskManagement-db-deployer#flowable-async-job-executor-thread-1558#
[PollExecuteTaskStatusExecution] c681784e-0734-4edd-bfea-9fddfbacadbf [2026-09-16T11:59:20.049740] Deploying "src/gen/RiskManagementService.Mitigations.hdbview"... (STDOUT, APP/TASK/deploy)#
#2026 09 16 11:59:29.669#Z#DEBUG#d27b103a-b1c5-11f1-bf33-eeee0a8e3dbc.RiskManagement-db-deployer#flowable-async-job-executor-thread-1558#
[PollExecuteTaskStatusExecution] c681784e-0734-4edd-bfea-9fddfbacadbf [2026-09-16T11:59:20.049824] Deploying "src/gen/RiskManagementService.DraftAdministrativeData.hdbview"... (STDOUT, APP/TASK/deploy)#
#2026 09 16 11:59:29.669#Z#DEBUG#d27b103a-b1c5-11f1-bf33-eeee0a8e3dbc.RiskManagement-db-deployer#flowable-async-job-executor-thread-1558#
[PollExecuteTaskStatusExecution] c681784e-0734-4edd-bfea-9fddfbacadbf [2026-09-16T11:59:20.049857] Deploying "src/gen/cds.outbox.Messages.hdbtable"... ok (0s 21ms) (STDOUT, APP/TASK/deploy)#
#2026 09 16 11:59:29.669#Z#DEBUG#d27b103a-b1c5-11f1-bf33-eeee0a8e3dbc.RiskManagement-db-deployer#flowable-async-job-executor-thread-1558#
[PollExecuteTaskStatusExecution] c681784e-0734-4edd-bfea-9fddfbacadbf [2026-09-16T11:59:20.049865] Deploying "src/gen/RiskManagementService.Risks.hdbview"... (STDOUT, APP/TASK/deploy)#
#2026 09 16 11:59:29.669#Z#DEBUG#d27b103a-b1c5-11f1-bf33-eeee0a8e3dbc.RiskManagement-db-deployer#flowable-async-job-executor-thread-1558#
[PollExecuteTaskStatusExecution] c681784e-0734-4edd-bfea-9fddfbacadbf [2026-09-16T11:59:20.049886] Deploying "src/gen/RiskManagementService.Mitigations.hdbview"... ok (0s 75ms) (STDOUT, APP/TASK/deploy)#
#2026 09 16 11:59:29.669#Z#DEBUG#d27b103a-b1c5-11f1-bf33-eeee0a8e3dbc.RiskManagement-db-deployer#flowable-async-job-executor-thread-1558#
[PollExecuteTaskStatusExecution] c681784e-0734-4edd-bfea-9fddfbacadbf [2026-09-16T11:59:20.049911] Deploying "src/gen/RiskManagementService.DraftAdministrativeData.hdbview"... ok (0s 74ms) (STDOUT, APP/TASK/deploy)#
#2026 09 16 11:59:29.669#Z#DEBUG#d27b103a-b1c5-11f1-bf33-eeee0a8e3dbc.RiskManagement-db-deployer#flowable-async-job-executor-thread-1558#
[PollExecuteTaskStatusExecution] c681784e-0734-4edd-bfea-9fddfbacadbf [2026-09-16T11:59:20.051198] Deploying "src/gen/RiskManagementService.Risks.hdbview"... ok (0s 70ms) (STDOUT, APP/TASK/deploy)#
#2026 09 16 11:59:29.669#Z#DEBUG#d27b103a-b1c5-11f1-bf33-eeee0a8e3dbc.RiskManagement-db-deployer#flowable-async-job-executor-thread-1558#
[PollExecuteTaskStatusExecution] c681784e-0734-4edd-bfea-9fddfbacadbf [2026-09-16T11:59:20.051378] Processing work list... ok (0s 335ms) (STDOUT, APP/TASK/deploy)#
#2026 09 16 11:59:29.669#Z#DEBUG#d27b103a-b1c5-11f1-bf33-eeee0a8e3dbc.RiskManagement-db-deployer#flowable-async-job-executor-thread-1558#
[PollExecuteTaskStatusExecution] c681784e-0734-4edd-bfea-9fddfbacadbf [2026-09-16T11:59:20.051549] Finalizing... (STDOUT, APP/TASK/deploy)#
#2026 09 16 11:59:29.669#Z#DEBUG#d27b103a-b1c5-11f1-bf33-eeee0a8e3dbc.RiskManagement-db-deployer#flowable-async-job-executor-thread-1558#
[PollExecuteTaskStatusExecution] c681784e-0734-4edd-bfea-9fddfbacadbf [2026-09-16T11:59:20.051570] Finalizing... ok (0s 68ms) (STDOUT, APP/TASK/deploy)#
#2026 09 16 11:59:29.669#Z#DEBUG#d27b103a-b1c5-11f1-bf33-eeee0a8e3dbc.RiskManagement-db-deployer#flowable-async-job-executor-thread-1558#
[PollExecuteTaskStatusExecution] c681784e-0734-4edd-bfea-9fddfbacadbf [2026-09-16T11:59:20.051585] Make succeeded (0 warnings): 11 files deployed (effective 11), 0 files undeployed (effective 0), 0 dependent files redeployed (STDOUT, APP/TASK/deploy)#
#2026 09 16 11:59:29.669#Z#DEBUG#d27b103a-b1c5-11f1-bf33-eeee0a8e3dbc.RiskManagement-db-deployer#flowable-async-job-executor-thread-1558#
[PollExecuteTaskStatusExecution] c681784e-0734-4edd-bfea-9fddfbacadbf [2026-09-16T11:59:20.051698] Making... ok (1s 564ms) (STDOUT, APP/TASK/deploy)#
#2026 09 16 11:59:29.669#Z#DEBUG#d27b103a-b1c5-11f1-bf33-eeee0a8e3dbc.RiskManagement-db-deployer#flowable-async-job-executor-thread-1558#
[PollExecuteTaskStatusExecution] c681784e-0734-4edd-bfea-9fddfbacadbf [2026-09-16T11:59:20.051725] Enabling table replication for the container schema "1D2FD6BD9AE248389E2C5DD7F64681C6"... (STDOUT, APP/TASK/deploy)#
#2026 09 16 11:59:29.669#Z#DEBUG#d27b103a-b1c5-11f1-bf33-eeee0a8e3dbc.RiskManagement-db-deployer#flowable-async-job-executor-thread-1558#
[PollExecuteTaskStatusExecution] c681784e-0734-4edd-bfea-9fddfbacadbf [2026-09-16T11:59:20.051737] Enabling table replication for the container schema "1D2FD6BD9AE248389E2C5DD7F64681C6"... ok (0s 17ms) (STDOUT, APP/TASK/deploy)#
#2026 09 16 11:59:29.669#Z#DEBUG#d27b103a-b1c5-11f1-bf33-eeee0a8e3dbc.RiskManagement-db-deployer#flowable-async-job-executor-thread-1558#
[PollExecuteTaskStatusExecution] c681784e-0734-4edd-bfea-9fddfbacadbf [2026-09-16T11:59:20.051744] Starting make in the container "1D2FD6BD9AE248389E2C5DD7F64681C6" with 11 files to deploy, 0 files to undeploy... ok (1s 659ms) (STDOUT, APP/TASK/deploy)#
#2026 09 16 11:59:29.669#Z#DEBUG#d27b103a-b1c5-11f1-bf33-eeee0a8e3dbc.RiskManagement-db-deployer#flowable-async-job-executor-thread-1558#
[PollExecuteTaskStatusExecution] c681784e-0734-4edd-bfea-9fddfbacadbf [2026-09-16T11:59:20.051897] Deploying to the container "1D2FD6BD9AE248389E2C5DD7F64681C6"... ok (1s 969ms) (STDOUT, APP/TASK/deploy)#
#2026 09 16 11:59:29.669#Z#DEBUG#d27b103a-b1c5-11f1-bf33-eeee0a8e3dbc.RiskManagement-db-deployer#flowable-async-job-executor-thread-1558#
[PollExecuteTaskStatusExecution] c681784e-0734-4edd-bfea-9fddfbacadbf [2026-09-16T11:59:20.052370] No default-access-role handling needed; global role "1D2FD6BD9AE248389E2C5DD7F64681C6::access_role" will not be adapted (STDOUT, APP/TASK/deploy)#
#2026 09 16 11:59:29.669#Z#DEBUG#d27b103a-b1c5-11f1-bf33-eeee0a8e3dbc.RiskManagement-db-deployer#flowable-async-job-executor-thread-1558#
[PollExecuteTaskStatusExecution] c681784e-0734-4edd-bfea-9fddfbacadbf [2026-09-16T11:59:20.052493] Unlocking the container "1D2FD6BD9AE248389E2C5DD7F64681C6"... (STDOUT, APP/TASK/deploy)#
#2026 09 16 11:59:29.669#Z#DEBUG#d27b103a-b1c5-11f1-bf33-eeee0a8e3dbc.RiskManagement-db-deployer#flowable-async-job-executor-thread-1558#
[PollExecuteTaskStatusExecution] c681784e-0734-4edd-bfea-9fddfbacadbf [2026-09-16T11:59:20.053833] Unlocking the container "1D2FD6BD9AE248389E2C5DD7F64681C6"... ok (0s 1ms) (STDOUT, APP/TASK/deploy)#
#2026 09 16 11:59:29.669#Z#DEBUG#d27b103a-b1c5-11f1-bf33-eeee0a8e3dbc.RiskManagement-db-deployer#flowable-async-job-executor-thread-1558#
[PollExecuteTaskStatusExecution] c681784e-0734-4edd-bfea-9fddfbacadbf [2026-09-16T11:59:20.053988] Deployment to container 1D2FD6BD9AE248389E2C5DD7F64681C6 done [Deployment ID: none]. (STDOUT, APP/TASK/deploy)#
#2026 09 16 11:59:29.669#Z#DEBUG#d27b103a-b1c5-11f1-bf33-eeee0a8e3dbc.RiskManagement-db-deployer#flowable-async-job-executor-thread-1558#
[PollExecuteTaskStatusExecution] c681784e-0734-4edd-bfea-9fddfbacadbf [2026-09-16T11:59:20.055050] Deployment ended at 2026-09-16 11:59:20 (STDOUT, APP/TASK/deploy)#
#2026 09 16 11:59:29.669#Z#DEBUG#d27b103a-b1c5-11f1-bf33-eeee0a8e3dbc.RiskManagement-db-deployer#flowable-async-job-executor-thread-1558#
[PollExecuteTaskStatusExecution] c681784e-0734-4edd-bfea-9fddfbacadbf [2026-09-16T11:59:20.055435] (4s 251ms) (STDOUT, APP/TASK/deploy)#
#2026 09 16 11:59:29.669#Z#DEBUG#d27b103a-b1c5-11f1-bf33-eeee0a8e3dbc.RiskManagement-db-deployer#flowable-async-job-executor-thread-1558#
[PollExecuteTaskStatusExecution] c681784e-0734-4edd-bfea-9fddfbacadbf [2026-09-16T11:59:20.073635] npm notice (STDERR, APP/TASK/deploy)#
#2026 09 16 11:59:29.669#Z#DEBUG#d27b103a-b1c5-11f1-bf33-eeee0a8e3dbc.RiskManagement-db-deployer#flowable-async-job-executor-thread-1558#
[PollExecuteTaskStatusExecution] c681784e-0734-4edd-bfea-9fddfbacadbf [2026-09-16T11:59:20.073673] npm notice New major version of npm available! 11.16.0 -> 12.0.2 (STDERR, APP/TASK/deploy)#
#2026 09 16 11:59:29.669#Z#DEBUG#d27b103a-b1c5-11f1-bf33-eeee0a8e3dbc.RiskManagement-db-deployer#flowable-async-job-executor-thread-1558#
[PollExecuteTaskStatusExecution] c681784e-0734-4edd-bfea-9fddfbacadbf [2026-09-16T11:59:20.073678] npm notice Changelog: https://github.com/npm/cli/releases/tag/v12.0.2 (STDERR, APP/TASK/deploy)#
#2026 09 16 11:59:29.669#Z#DEBUG#d27b103a-b1c5-11f1-bf33-eeee0a8e3dbc.RiskManagement-db-deployer#flowable-async-job-executor-thread-1558#
[PollExecuteTaskStatusExecution] c681784e-0734-4edd-bfea-9fddfbacadbf [2026-09-16T11:59:20.073682] npm notice To update run: npm install -g npm@12.0.2 (STDERR, APP/TASK/deploy)#
#2026 09 16 11:59:29.669#Z#DEBUG#d27b103a-b1c5-11f1-bf33-eeee0a8e3dbc.RiskManagement-db-deployer#flowable-async-job-executor-thread-1558#
[PollExecuteTaskStatusExecution] c681784e-0734-4edd-bfea-9fddfbacadbf [2026-09-16T11:59:20.073685] npm notice (STDERR, APP/TASK/deploy)#
#2026 09 16 11:59:29.669#Z#DEBUG#d27b103a-b1c5-11f1-bf33-eeee0a8e3dbc.RiskManagement-db-deployer#flowable-async-job-executor-thread-1558#
[PollExecuteTaskStatusExecution] c681784e-0734-4edd-bfea-9fddfbacadbf [2026-09-16T11:59:20.147659] Exit status 0 (STDOUT, APP/TASK/deploy)#
#2026 09 16 11:59:29.669#Z#DEBUG#d27b103a-b1c5-11f1-bf33-eeee0a8e3dbc.RiskManagement-db-deployer#flowable-async-job-executor-thread-1558#
[PollExecuteTaskStatusExecution] c681784e-0734-4edd-bfea-9fddfbacadbf [2026-09-16T11:59:21.563352] Cell 684caff8-89cd-492b-be01-b3d0835f1763 stopping instance 3ab8fe5f-21b6-42b8-b0a8-eb311ea835da (STDOUT, CELL)#
#2026 09 16 11:59:29.669#Z#DEBUG#d27b103a-b1c5-11f1-bf33-eeee0a8e3dbc.RiskManagement-db-deployer#flowable-async-job-executor-thread-1558#
[PollExecuteTaskStatusExecution] c681784e-0734-4edd-bfea-9fddfbacadbf [2026-09-16T11:59:21.563399] Cell 684caff8-89cd-492b-be01-b3d0835f1763 destroying container for instance 3ab8fe5f-21b6-42b8-b0a8-eb311ea835da (STDOUT, CELL)#
#2026 09 16 11:59:29.669#Z#DEBUG#d27b103a-b1c5-11f1-bf33-eeee0a8e3dbc.RiskManagement-db-deployer#flowable-async-job-executor-thread-1558#
[PollExecuteTaskStatusExecution] c681784e-0734-4edd-bfea-9fddfbacadbf [2026-09-16T11:59:24.861878] Cell 684caff8-89cd-492b-be01-b3d0835f1763 successfully destroyed container for instance 3ab8fe5f-21b6-42b8-b0a8-eb311ea835da (STDOUT, CELL)#
